Archive member included to satisfy reference by file (symbol)

C:\Users\Mili\Downloads\TPFinal_LDM_2023-main\TPFinal_LDM_2023-main\ReproductorMP3\helix\libhelix.a(mp3dec.o)
                              ./source/MP3Dec.o (MP3InitDecoder)
C:\Users\Mili\Downloads\TPFinal_LDM_2023-main\TPFinal_LDM_2023-main\ReproductorMP3\helix\libhelix.a(mp3tabs.o)
                              C:\Users\Mili\Downloads\TPFinal_LDM_2023-main\TPFinal_LDM_2023-main\ReproductorMP3\helix\libhelix.a(mp3dec.o) (xmp3fixpt_samplesPerFrameTab)
C:\Users\Mili\Downloads\TPFinal_LDM_2023-main\TPFinal_LDM_2023-main\ReproductorMP3\helix\libhelix.a(bitstream.o)
                              C:\Users\Mili\Downloads\TPFinal_LDM_2023-main\TPFinal_LDM_2023-main\ReproductorMP3\helix\libhelix.a(mp3dec.o) (xmp3fixpt_CheckPadBit)
C:\Users\Mili\Downloads\TPFinal_LDM_2023-main\TPFinal_LDM_2023-main\ReproductorMP3\helix\libhelix.a(buffers.o)
                              C:\Users\Mili\Downloads\TPFinal_LDM_2023-main\TPFinal_LDM_2023-main\ReproductorMP3\helix\libhelix.a(mp3dec.o) (xmp3fixpt_AllocateBuffers)
C:\Users\Mili\Downloads\TPFinal_LDM_2023-main\TPFinal_LDM_2023-main\ReproductorMP3\helix\libhelix.a(dequant.o)
                              C:\Users\Mili\Downloads\TPFinal_LDM_2023-main\TPFinal_LDM_2023-main\ReproductorMP3\helix\libhelix.a(mp3dec.o) (xmp3fixpt_Dequantize)
C:\Users\Mili\Downloads\TPFinal_LDM_2023-main\TPFinal_LDM_2023-main\ReproductorMP3\helix\libhelix.a(dqchan.o)
                              C:\Users\Mili\Downloads\TPFinal_LDM_2023-main\TPFinal_LDM_2023-main\ReproductorMP3\helix\libhelix.a(dequant.o) (xmp3fixpt_DequantChannel)
C:\Users\Mili\Downloads\TPFinal_LDM_2023-main\TPFinal_LDM_2023-main\ReproductorMP3\helix\libhelix.a(huffman.o)
                              C:\Users\Mili\Downloads\TPFinal_LDM_2023-main\TPFinal_LDM_2023-main\ReproductorMP3\helix\libhelix.a(mp3dec.o) (xmp3fixpt_DecodeHuffman)
C:\Users\Mili\Downloads\TPFinal_LDM_2023-main\TPFinal_LDM_2023-main\ReproductorMP3\helix\libhelix.a(hufftabs.o)
                              C:\Users\Mili\Downloads\TPFinal_LDM_2023-main\TPFinal_LDM_2023-main\ReproductorMP3\helix\libhelix.a(huffman.o) (xmp3fixpt_quadTabMaxBits)
C:\Users\Mili\Downloads\TPFinal_LDM_2023-main\TPFinal_LDM_2023-main\ReproductorMP3\helix\libhelix.a(imdct.o)
                              C:\Users\Mili\Downloads\TPFinal_LDM_2023-main\TPFinal_LDM_2023-main\ReproductorMP3\helix\libhelix.a(mp3dec.o) (xmp3fixpt_IMDCT)
C:\Users\Mili\Downloads\TPFinal_LDM_2023-main\TPFinal_LDM_2023-main\ReproductorMP3\helix\libhelix.a(scalfact.o)
                              C:\Users\Mili\Downloads\TPFinal_LDM_2023-main\TPFinal_LDM_2023-main\ReproductorMP3\helix\libhelix.a(mp3dec.o) (xmp3fixpt_UnpackScaleFactors)
C:\Users\Mili\Downloads\TPFinal_LDM_2023-main\TPFinal_LDM_2023-main\ReproductorMP3\helix\libhelix.a(stproc.o)
                              C:\Users\Mili\Downloads\TPFinal_LDM_2023-main\TPFinal_LDM_2023-main\ReproductorMP3\helix\libhelix.a(dequant.o) (xmp3fixpt_MidSideProc)
C:\Users\Mili\Downloads\TPFinal_LDM_2023-main\TPFinal_LDM_2023-main\ReproductorMP3\helix\libhelix.a(subband.o)
                              C:\Users\Mili\Downloads\TPFinal_LDM_2023-main\TPFinal_LDM_2023-main\ReproductorMP3\helix\libhelix.a(mp3dec.o) (xmp3fixpt_Subband)
C:\Users\Mili\Downloads\TPFinal_LDM_2023-main\TPFinal_LDM_2023-main\ReproductorMP3\helix\libhelix.a(trigtabs_fixpt.o)
                              C:\Users\Mili\Downloads\TPFinal_LDM_2023-main\TPFinal_LDM_2023-main\ReproductorMP3\helix\libhelix.a(subband.o) (xmp3fixpt_polyCoef)
C:\Users\Mili\Downloads\TPFinal_LDM_2023-main\TPFinal_LDM_2023-main\ReproductorMP3\helix\libhelix.a(dct32.o)
                              C:\Users\Mili\Downloads\TPFinal_LDM_2023-main\TPFinal_LDM_2023-main\ReproductorMP3\helix\libhelix.a(subband.o) (xmp3fixpt_FDCT32)
C:\Users\Mili\Downloads\TPFinal_LDM_2023-main\TPFinal_LDM_2023-main\ReproductorMP3\helix\libhelix.a(polyphase.o)
                              C:\Users\Mili\Downloads\TPFinal_LDM_2023-main\TPFinal_LDM_2023-main\ReproductorMP3\helix\libhelix.a(subband.o) (xmp3fixpt_PolyphaseMono)
C:\Users\Mili\Downloads\TPFinal_LDM_2023-main\TPFinal_LDM_2023-main\ReproductorMP3\SDK\CMSIS\DSP\Lib\GCC\libarm_cortexM4lf_math.a(arm_rfft_fast_init_f32.o)
                              ./source/equalizer.o (arm_rfft_fast_init_f32)
C:\Users\Mili\Downloads\TPFinal_LDM_2023-main\TPFinal_LDM_2023-main\ReproductorMP3\SDK\CMSIS\DSP\Lib\GCC\libarm_cortexM4lf_math.a(arm_rfft_fast_f32.o)
                              ./source/equalizer.o (arm_rfft_fast_f32)
C:\Users\Mili\Downloads\TPFinal_LDM_2023-main\TPFinal_LDM_2023-main\ReproductorMP3\SDK\CMSIS\DSP\Lib\GCC\libarm_cortexM4lf_math.a(arm_cfft_f32.o)
                              C:\Users\Mili\Downloads\TPFinal_LDM_2023-main\TPFinal_LDM_2023-main\ReproductorMP3\SDK\CMSIS\DSP\Lib\GCC\libarm_cortexM4lf_math.a(arm_rfft_fast_f32.o) (arm_cfft_f32)
[...]
Memory Configuration

Name             Origin             Length             Attributes
PROGRAM_FLASH    0x00000000         0x00100000         xr
SRAM_UPPER       0x20000000         0x00030000         xrw
SRAM_LOWER       0x1fff0000         0x00010000         xrw
FLEX_RAM         0x14000000         0x00001000         xrw
*default*        0x00000000         0xffffffff

Linker script and memory map

LOAD ./utilities/fsl_assert.o
LOAD ./utilities/fsl_debug_console.o
LOAD ./utilities/fsl_io.o
LOAD ./utilities/fsl_log.o
LOAD ./utilities/fsl_str.o
LOAD ./source/UI/button.o
LOAD ./source/UI/display.o
LOAD ./source/UI/encoder.o
LOAD ./source/UI/eventQueue.o
LOAD ./source/UI/privateSTDIO.o
LOAD ./source/App.o
LOAD ./source/DMA.o
LOAD ./source/FTM.o
LOAD ./source/I2C.o
LOAD ./source/LEDMatrix.o
LOAD ./source/MP3Dec.o
LOAD ./source/PIT.o
LOAD ./source/PWM.o
LOAD ./source/Queue.o
LOAD ./source/SysTick.o
LOAD ./source/biquad.o
LOAD ./source/deepSleep.o
LOAD ./source/equalizer.o
LOAD ./source/fsm.o
LOAD ./source/fsmtable.o
LOAD ./source/gpio.o
LOAD ./source/main.o
LOAD ./source/player.o
LOAD ./source/song.o
LOAD ./source/songList.o
LOAD ./source/timer.o
LOAD ./source/vumeter.o
LOAD ./sdmmc/src/fsl_sd.o
LOAD ./sdmmc/src/fsl_sdmmc_common.o
LOAD ./sdmmc/osa/fsl_sdmmc_osa.o
LOAD ./sdmmc/host/fsl_sdmmc_host.o
LOAD ./fatfs/source/fsl_sd_disk/fsl_sd_disk.o
LOAD ./fatfs/source/diskio.o
LOAD ./fatfs/source/ff.o
LOAD ./fatfs/source/ffsystem.o
LOAD ./fatfs/source/ffunicode.o
LOAD ./drivers/fsl_adc16.o
LOAD ./drivers/fsl_clock.o
LOAD ./drivers/fsl_common.o
LOAD ./drivers/fsl_common_arm.o
LOAD ./drivers/fsl_dac.o
LOAD ./drivers/fsl_dmamux.o
LOAD ./drivers/fsl_dspi.o
LOAD ./drivers/fsl_edma.o
LOAD ./drivers/fsl_ftfx_cache.o
LOAD ./drivers/fsl_ftfx_controller.o
LOAD ./drivers/fsl_ftfx_flash.o
LOAD ./drivers/fsl_ftfx_flexnvm.o
LOAD ./drivers/fsl_gpio.o
LOAD ./drivers/fsl_i2c.o
LOAD ./drivers/fsl_llwu.o
LOAD ./drivers/fsl_pit.o
LOAD ./drivers/fsl_pmc.o
LOAD ./drivers/fsl_rcm.o
LOAD ./drivers/fsl_rtc.o
LOAD ./drivers/fsl_sdhc.o
LOAD ./drivers/fsl_smc.o
LOAD ./drivers/fsl_sysmpu.o
LOAD ./drivers/fsl_uart.o
LOAD ./component/uart/fsl_adapter_uart.o
LOAD ./component/osa/fsl_os_abstraction_bm.o
LOAD ./component/lists/fsl_component_generic_list.o
LOAD ./board/board.o
LOAD ./board/clock_config.o
LOAD ./board/peripherals.o
LOAD ./board/pin_mux.o
LOAD ./board/sdmmc_config.o
LOAD ./SDK/startup/hardware.o
LOAD ./SDK/startup/semihost_hardfault.o
LOAD ./SDK/startup/startup_mk64f12.o
LOAD ./SDK/CMSIS/system_MK64F12.o
LOAD C:\Users\Mili\Downloads\TPFinal_LDM_2023-main\TPFinal_LDM_2023-main\ReproductorMP3\helix\libhelix.a
LOAD C:\Users\Mili\Downloads\TPFinal_LDM_2023-main\TPFinal_LDM_2023-main\ReproductorMP3\SDK\CMSIS\DSP\Lib\GCC\libarm_cortexM4lf_math.a
START GROUP
LOAD c:/nxp/mcuxpressoide_10.2.0_759/ide/tools/bin/../lib/gcc/arm-none-eabi/7.2.1/../../../../arm-none-eabi/lib/thumb/v7e-m/fpv4-sp/hard\libcr_semihost_nf.a
LOAD c:/nxp/mcuxpressoide_10.2.0_759/ide/tools/bin/../lib/gcc/arm-none-eabi/7.2.1/../../../../arm-none-eabi/lib/thumb/v7e-m/fpv4-sp/hard\libcr_c.a
LOAD c:/nxp/mcuxpressoide_10.2.0_759/ide/tools/bin/../lib/gcc/arm-none-eabi/7.2.1/thumb/v7e-m/fpv4-sp/hard\libcr_eabihelpers.a
END GROUP
                0x00000000                __base_PROGRAM_FLASH = 0x0
                0x00000000                __base_Flash = 0x0
                0x00100000                __top_PROGRAM_FLASH = 0x100000
                0x00100000                __top_Flash = 0x100000
                0x20000000                __base_SRAM_UPPER = 0x20000000
                0x20000000                __base_RAM = 0x20000000
                0x20030000                __top_SRAM_UPPER = 0x20030000
                0x20030000                __top_RAM = 0x20030000
                0x1fff0000                __base_SRAM_LOWER = 0x1fff0000
                0x1fff0000                __base_RAM2 = 0x1fff0000
                0x20000000                __top_SRAM_LOWER = 0x20000000
                0x20000000                __top_RAM2 = 0x20000000
                0x14000000                __base_FLEX_RAM = 0x14000000
                0x14000000                __base_RAM3 = 0x14000000
                0x14001000                __top_FLEX_RAM = 0x14001000
                0x14001000                __top_RAM3 = 0x14001000

.text           0x00000000    0x35038
 FILL mask 0xff
                0x00000000                __vectors_start__ = ABSOLUTE (.)
 *(SORT_BY_ALIGNMENT(.isr_vector))
 .isr_vector    0x00000000      0x198 ./SDK/startup/startup_mk64f12.o
                0x00000000                g_pfnVectors
                0x00000000                __Vectors
                0x00000198                . = ALIGN (0x4)
                0x00000198                __section_table_start = .
                0x00000198                __data_section_table = .
                0x00000198        0x4 LONG 0x35038 LOADADDR (.data)
                0x0000019c        0x4 LONG 0x20000000 ADDR (.data)
                0x000001a0        0x4 LONG 0x3830 SIZEOF (.data)
                0x000001a4        0x4 LONG 0x35038 LOADADDR (.data_RAM2)
                0x000001a8        0x4 LONG 0x1fff0000 ADDR (.data_RAM2)
                0x000001ac        0x4 LONG 0x0 SIZEOF (.data_RAM2)
                0x000001b0        0x4 LONG 0x35038 LOADADDR (.data_RAM3)
                0x000001b4        0x4 LONG 0x14000000 ADDR (.data_RAM3)
                0x000001b8        0x4 LONG 0x0 SIZEOF (.data_RAM3)
                0x000001bc                __data_section_table_end = .
                0x000001bc                __bss_section_table = .
                0x000001bc        0x4 LONG 0x20003830 ADDR (.bss)
                0x000001c0        0x4 LONG 0xf780 SIZEOF (.bss)
                0x000001c4        0x4 LONG 0x1fff0000 ADDR (.bss_RAM2)
                0x000001c8        0x4 LONG 0x0 SIZEOF (.bss_RAM2)
                0x000001cc        0x4 LONG 0x14000000 ADDR (.bss_RAM3)
                0x000001d0        0x4 LONG 0x0 SIZEOF (.bss_RAM3)
                0x000001d4                __bss_section_table_end = .
                0x000001d4                __section_table_end = .
 *(SORT_BY_ALIGNMENT(.after_vectors*))
 .after_vectors.reset
                0x000001d4       0x4c ./SDK/startup/startup_mk64f12.o
                0x000001d4                ResetISR
 .after_vectors.init_data
                0x00000220       0x1e ./SDK/startup/startup_mk64f12.o
                0x00000220                data_init
 .after_vectors.init_bss
                0x0000023e       0x12 ./SDK/startup/startup_mk64f12.o
                0x0000023e                bss_init
 .after_vectors
                0x00000250       0x14 ./SDK/startup/startup_mk64f12.o
                0x00000250                NMI_Handler
                0x00000254                MemManage_Handler
                0x00000256                BusFault_Handler
                0x00000258                UsageFault_Handler
                0x0000025a                SVC_Handler
                0x0000025c                DebugMon_Handler
                0x0000025e                PendSV_Handler
                0x00000262                FTM2_DriverIRQHandler
                0x00000262                PIT2_DriverIRQHandler
                0x00000262                I2S0_Tx_DriverIRQHandler
                0x00000262                RTC_Seconds_DriverIRQHandler
                0x00000262                LLWU_DriverIRQHandler
                0x00000262                MCM_DriverIRQHandler
                0x00000262                MCG_DriverIRQHandler
                0x00000262                ENET_1588_Timer_DriverIRQHandler
                0x00000262                DAC1_DriverIRQHandler
                0x00000262                FTM1_DriverIRQHandler
                0x00000262                CMP1_DriverIRQHandler
                0x00000262                FTM0_DriverIRQHandler
                0x00000262                IntDefaultHandler
                0x00000262                USB0_DriverIRQHandler
                0x00000262                UART5_ERR_DriverIRQHandler
                0x00000262                PORTC_DriverIRQHandler
                0x00000262                DAC0_DriverIRQHandler
                0x00000262                CMP2_DriverIRQHandler
                0x00000262                UART2_ERR_DriverIRQHandler
                0x00000262                LVD_LVW_DriverIRQHandler
                0x00000262                DMA_Error_DriverIRQHandler
                0x00000262                RNG_DriverIRQHandler
                0x00000262                USBDCD_DriverIRQHandler
                0x00000262                UART3_ERR_DriverIRQHandler
                0x00000262                UART0_ERR_DriverIRQHandler
                0x00000262                CMT_DriverIRQHandler
                0x00000262                Reserved71_DriverIRQHandler
                0x00000262                ADC1_DriverIRQHandler
                0x00000262                PORTA_DriverIRQHandler
                0x00000262                PIT3_DriverIRQHandler
                0x00000262                PIT1_DriverIRQHandler
                0x00000262                WDOG_EWM_DriverIRQHandler
                0x00000262                PDB0_DriverIRQHandler
                0x00000262                RTC_DriverIRQHandler
                0x00000262                I2S0_Rx_DriverIRQHandler
                0x00000262                Read_Collision_DriverIRQHandler
                0x00000262                SWI_DriverIRQHandler
                0x00000262                UART4_ERR_DriverIRQHandler
                0x00000262                LPTMR0_DriverIRQHandler
                0x00000262                UART0_LON_DriverIRQHandler
                0x00000262                PORTB_DriverIRQHandler
                0x00000262                ENET_Receive_DriverIRQHandler
                0x00000262                ENET_Error_DriverIRQHandler
                0x00000262                ADC0_DriverIRQHandler
                0x00000262                CMP0_DriverIRQHandler
                0x00000262                CAN0_DriverIRQHandler
                0x00000262                FTM3_DriverIRQHandler
                0x00000262                PIT0_DriverIRQHandler
                0x00000262                UART1_ERR_DriverIRQHandler
                0x00000262                ENET_Transmit_DriverIRQHandler
                0x00000262                PORTD_DriverIRQHandler
                0x00000262                PORTE_DriverIRQHandler
                0x00000262                FTFE_DriverIRQHandler
                0x00000400                . = 0x400
 *fill*         0x00000264      0x19c ff
                0x00000400                PROVIDE (__FLASH_CONFIG_START__, .)
 *(SORT_BY_ALIGNMENT(.FlashConfig))
 .FlashConfig   0x00000400       0x10 ./SDK/startup/startup_mk64f12.o
                0x00000400                Flash_Config
                0x00000410                PROVIDE (__FLASH_CONFIG_END__, .)
                0x00000001                ASSERT (! ((__FLASH_CONFIG_START__ == __FLASH_CONFIG_END__)), Linker Flash Config Support Enabled, but no .FlashConfig section provided within application)
 *(SORT_BY_ALIGNMENT(.text*))
 .text.initFilters
                0x00000410      0x4ac ./source/biquad.o
                0x00000410                initFilters
 *fill*         0x000008bc        0x4 ff
 .text.setGain  0x000008c0      0x41c ./source/biquad.o
                0x000008c0                setGain
 *fill*         0x00000cdc        0x4 ff
 .text.powf     0x00000ce0      0x2d4 c:/nxp/mcuxpressoide_10.2.0_759/ide/tools/bin/../lib/gcc/arm-none-eabi/7.2.1/../../../../arm-none-eabi/lib/thumb/v7e-m/fpv4-sp/hard\libcr_c.a(powf.o)
                0x00000ce0                powf
 *fill*         0x00000fb4        0x4 ff
 .text.cos      0x00000fb8       0x68 c:/nxp/mcuxpressoide_10.2.0_759/ide/tools/bin/../lib/gcc/arm-none-eabi/7.2.1/../../../../arm-none-eabi/lib/thumb/v7e-m/fpv4-sp/hard\libcr_c.a(cos.o)
                0x00000fb8                cos
 .text.pow      0x00001020      0x55c c:/nxp/mcuxpressoide_10.2.0_759/ide/tools/bin/../lib/gcc/arm-none-eabi/7.2.1/../../../../arm-none-eabi/lib/thumb/v7e-m/fpv4-sp/hard\libcr_c.a(pow.o)
                0x00001020                pow
 *fill*         0x0000157c        0x4 ff
 .text._tancotf
                0x00001580      0x14c c:/nxp/mcuxpressoide_10.2.0_759/ide/tools/bin/../lib/gcc/arm-none-eabi/7.2.1/../../../../arm-none-eabi/lib/thumb/v7e-m/fpv4-sp/hard\libcr_c.a(_tancotf.o)
                0x00001580                _tancotf
 *fill*         0x000016cc        0x4 ff
 .text._sincos  0x000016d0      0x214 c:/nxp/mcuxpressoide_10.2.0_759/ide/tools/bin/../lib/gcc/arm-none-eabi/7.2.1/../../../../arm-none-eabi/lib/thumb/v7e-m/fpv4-sp/hard\libcr_c.a(_sincos.o)
                0x000016d0                _sincos
 *fill*         0x000018e4        0x4 ff
 .text.frexp    0x000018e8       0x68 c:/nxp/mcuxpressoide_10.2.0_759/ide/tools/bin/../lib/gcc/arm-none-eabi/7.2.1/../../../../arm-none-eabi/lib/thumb/v7e-m/fpv4-sp/hard\libcr_c.a(frexp.o)
                0x000018e8                frexp
 .text.ldexp    0x00001950       0x58 c:/nxp/mcuxpressoide_10.2.0_759/ide/tools/bin/../lib/gcc/arm-none-eabi/7.2.1/../../../../arm-none-eabi/lib/thumb/v7e-m/fpv4-sp/hard\libcr_c.a(ldexp.o)
                0x00001950                ldexp
 .text.__assertion_failed
                0x000019a8       0x18 ./utilities/fsl_assert.o
                0x000019a8                __assertion_failed
 .text.initButtons
                0x000019c0       0x3c ./source/UI/button.o
                0x000019c0                initButtons
 .text.button1_ISR
                0x000019fc       0x58 ./source/UI/button.o
                0x000019fc                button1_ISR
 .text.button2_ISR
                0x00001a54       0x58 ./source/UI/button.o
                0x00001a54                button2_ISR
 .text.button3_ISR
                0x00001aac       0x58 ./source/UI/button.o
                0x00001aac                button3_ISR
 .text.buttonEncoder_ISR
                0x00001b04       0x58 ./source/UI/button.o
                0x00001b04                buttonEncoder_ISR
 .text.initDisplay
                0x00001b5c      0x1d8 ./source/UI/display.o
                0x00001b5c                initDisplay
 .text.DisplaySetCursor
                0x00001d34       0x58 ./source/UI/display.o
                0x00001d34                DisplaySetCursor
 .text.DisplayNoDisplay
                0x00001d8c       0x2c ./source/UI/display.o
                0x00001d8c                DisplayNoDisplay
 .text.DisplayDisplay
                0x00001db8       0x2c ./source/UI/display.o
                0x00001db8                DisplayDisplay
 .text.DisplayNoBacklight
                0x00001de4       0x28 ./source/UI/display.o
                0x00001de4                DisplayNoBacklight
 .text.DisplayBacklight
                0x00001e0c       0x28 ./source/UI/display.o
                0x00001e0c                DisplayBacklight
 .text.DisplayOffTimers
                0x00001e34       0x24 ./source/UI/display.o
                0x00001e34                DisplayOffTimers
 .text.DisplayOnTimers
                0x00001e58       0x24 ./source/UI/display.o
                0x00001e58                DisplayOnTimers
 .text.DisplayWrite
                0x00001e7c       0xa4 ./source/UI/display.o
                0x00001e7c                DisplayWrite
 .text.DisplayPeriodicISR
                0x00001f20       0xf4 ./source/UI/display.o
                0x00001f20                DisplayPeriodicISR
 .text.displaySendPeriodicISR
                0x00002014       0xc4 ./source/UI/display.o
                0x00002014                displaySendPeriodicISR
 .text.send     0x000020d8       0x6c ./source/UI/display.o
                0x000020d8                send
 .text.initEncoder
                0x00002144       0x64 ./source/UI/encoder.o
                0x00002144                initEncoder
 .text.RCHA_CB  0x000021a8       0x48 ./source/UI/encoder.o
 .text.RCHB_CB  0x000021f0       0x48 ./source/UI/encoder.o
 .text.activate_CHAIRQ_CB
                0x00002238       0x18 ./source/UI/encoder.o
 .text.getNextEvent
                0x00002250       0x50 ./source/UI/eventQueue.o
                0x00002250                getNextEvent
 .text.putEvent
                0x000022a0       0x64 ./source/UI/eventQueue.o
                0x000022a0                putEvent
 .text.volNumPrinter
                0x00002304       0x90 ./source/UI/privateSTDIO.o
                0x00002304                volNumPrinter
 .text.repDisplayPrinter
                0x00002394      0x10c ./source/UI/privateSTDIO.o
                0x00002394                repDisplayPrinter
 .text.App_Init
                0x000024a0       0x74 ./source/App.o
                0x000024a0                App_Init
 .text.App_Run  0x00002514       0x40 ./source/App.o
                0x00002514                App_Run
 .text.__NVIC_EnableIRQ
                0x00002554       0x3c ./source/DMA.o
 .text.__NVIC_ClearPendingIRQ
                0x00002590       0x3c ./source/DMA.o
 .text.DMA_Init
                0x000025cc       0x4c ./source/DMA.o
                0x000025cc                DMA_Init
 .text.DMA_StartTransfer
                0x00002618       0x20 ./source/DMA.o
                0x00002618                DMA_StartTransfer
 .text.DMAMUX_ConfigChannel
                0x00002638       0x6c ./source/DMA.o
                0x00002638                DMAMUX_ConfigChannel
 .text.DMA_SetChannelInterrupt
                0x000026a4       0x70 ./source/DMA.o
                0x000026a4                DMA_SetChannelInterrupt
 .text.DMA_SetEnableRequest
                0x00002714       0x40 ./source/DMA.o
                0x00002714                DMA_SetEnableRequest
 .text.DMA_SetSourceModulo
                0x00002754       0x50 ./source/DMA.o
                0x00002754                DMA_SetSourceModulo
 .text.DMA_SetDestModulo
                0x000027a4       0x54 ./source/DMA.o
                0x000027a4                DMA_SetDestModulo
 .text.DMA_SetSourceAddr
                0x000027f8       0x2c ./source/DMA.o
                0x000027f8                DMA_SetSourceAddr
 .text.DMA_SetSourceAddrOffset
                0x00002824       0x30 ./source/DMA.o
                0x00002824                DMA_SetSourceAddrOffset
 .text.DMA_SetSourceTransfSize
                0x00002854       0x58 ./source/DMA.o
                0x00002854                DMA_SetSourceTransfSize
 .text.DMA_SetSourceLastAddrOffset
                0x000028ac       0x30 ./source/DMA.o
                0x000028ac                DMA_SetSourceLastAddrOffset
 .text.DMA_SetDestAddr
                0x000028dc       0x30 ./source/DMA.o
                0x000028dc                DMA_SetDestAddr
 .text.DMA_SetDestAddrOffset
                0x0000290c       0x34 ./source/DMA.o
                0x0000290c                DMA_SetDestAddrOffset
 .text.DMA_SetDestTransfSize
                0x00002940       0x54 ./source/DMA.o
                0x00002940                DMA_SetDestTransfSize
 .text.DMA_SetDestLastAddrOffset
                0x00002994       0x30 ./source/DMA.o
                0x00002994                DMA_SetDestLastAddrOffset
 .text.DMA_SetMinorLoopTransCount
                0x000029c4       0x34 ./source/DMA.o
                0x000029c4                DMA_SetMinorLoopTransCount
 .text.DMA_SetCurrMajorLoopCount
                0x000029f8       0x38 ./source/DMA.o
                0x000029f8                DMA_SetCurrMajorLoopCount
 .text.DMA_SetStartMajorLoopCount
                0x00002a30       0x38 ./source/DMA.o
                0x00002a30                DMA_SetStartMajorLoopCount
 .text.__NVIC_EnableIRQ
                0x00002a68       0x3c ./source/FTM.o
 .text.FTM_Init
                0x00002aa4       0x9c ./source/FTM.o
                0x00002aa4                FTM_Init
 .text.FTM0_IRQHandler
                0x00002b40       0x1c ./source/FTM.o
                0x00002b40                FTM0_IRQHandler
 .text.__NVIC_EnableIRQ
                0x00002b5c       0x3c ./source/I2C.o
 .text.I2CInit  0x00002b98      0x16c ./source/I2C.o
                0x00002b98                I2CInit
 .text.i2cWriteSlave
                0x00002d04       0xb0 ./source/I2C.o
                0x00002d04                i2cWriteSlave
 .text.I2C0_IRQHandler
                0x00002db4      0x3bc ./source/I2C.o
                0x00002db4                I2C0_IRQHandler
 .text.I2C1_IRQHandler
                0x00003170      0x498 ./source/I2C.o
                0x00003170                I2C1_IRQHandler
 .text.SetI2Caudrate
                0x00003608       0x6c ./source/I2C.o
 .text.initLEDMatrix
                0x00003674       0xc8 ./source/LEDMatrix.o
                0x00003674                initLEDMatrix
 .text.turnOn   0x0000373c       0x5c ./source/LEDMatrix.o
                0x0000373c                turnOn
 .text.turnOff  0x00003798       0x5c ./source/LEDMatrix.o
                0x00003798                turnOff
 .text.changeBrightness
                0x000037f4       0x38 ./source/LEDMatrix.o
                0x000037f4                changeBrightness
 .text.changeColor
                0x0000382c       0x38 ./source/LEDMatrix.o
                0x0000382c                changeColor
 .text.toggle   0x00003864       0x74 ./source/LEDMatrix.o
 .text.updateSingle
                0x000038d8      0x230 ./source/LEDMatrix.o
 .text.update   0x00003b08      0x1e4 ./source/LEDMatrix.o
 .text.MP3DecInit
                0x00003cec       0x24 ./source/MP3Dec.o
                0x00003cec                MP3DecInit
 .text.MP3SelectSong
                0x00003d10      0x140 ./source/MP3Dec.o
                0x00003d10                MP3SelectSong
 .text.MP3DecDecode
                0x00003e50      0x234 ./source/MP3Dec.o
                0x00003e50                MP3DecDecode
 .text.__NVIC_EnableIRQ
                0x00004084       0x3c ./source/PIT.o
 .text.__NVIC_ClearPendingIRQ
                0x000040c0       0x3c ./source/PIT.o
 .text.initPIT  0x000040fc       0x40 ./source/PIT.o
                0x000040fc                initPIT
 .text.createTimer
                0x0000413c       0xc0 ./source/PIT.o
                0x0000413c                createTimer
 .text.startTimer
                0x000041fc       0x54 ./source/PIT.o
                0x000041fc                startTimer
 .text.stopTimer
                0x00004250       0x54 ./source/PIT.o
                0x00004250                stopTimer
 .text.PIT0_IRQHandler
                0x000042a4       0x2c ./source/PIT.o
                0x000042a4                PIT0_IRQHandler
 .text.PIT1_IRQHandler
                0x000042d0       0x2c ./source/PIT.o
                0x000042d0                PIT1_IRQHandler
 .text.PIT2_IRQHandler
                0x000042fc       0x2c ./source/PIT.o
                0x000042fc                PIT2_IRQHandler
 .text.PWM_Init
                0x00004328       0x68 ./source/PWM.o
                0x00004328                PWM_Init
 .text.PWM_SetDC
                0x00004390       0x50 ./source/PWM.o
                0x00004390                PWM_SetDC
 .text.PWM_GetDC
                0x000043e0       0x38 ./source/PWM.o
                0x000043e0                PWM_GetDC
 .text.PWM_SetTickPerPeriod
                0x00004418       0x68 ./source/PWM.o
                0x00004418                PWM_SetTickPerPeriod
 .text.PWM_GenWaveform
                0x00004480      0x134 ./source/PWM.o
                0x00004480                PWM_GenWaveform
 .text.PWM_burst
                0x000045b4       0x14 ./source/PWM.o
                0x000045b4                PWM_burst
 .text.computeFilters
                0x000045c8       0x24 ./source/biquad.o
                0x000045c8                computeFilters
 .text.resetFilters
                0x000045ec       0x18 ./source/biquad.o
                0x000045ec                resetFilters
 .text.__NVIC_EnableIRQ
                0x00004604       0x3c ./source/deepSleep.o
 .text.deepSleep_init
                0x00004640       0x50 ./source/deepSleep.o
                0x00004640                deepSleep_init
 .text.LLWU_IRQHandler
                0x00004690       0x30 ./source/deepSleep.o
                0x00004690                LLWU_IRQHandler
 .text.changePreset
                0x000046c0       0x98 ./source/equalizer.o
                0x000046c0                changePreset
 .text.analizeBlock
                0x00004758      0x318 ./source/equalizer.o
                0x00004758                analizeBlock
 .text.analisis2vumeter
                0x00004a70       0x88 ./source/equalizer.o
                0x00004a70                analisis2vumeter
 .text.FSM_GetInitState
                0x00004af8       0x14 ./source/fsmtable.o
                0x00004af8                FSM_GetInitState
 .text.goToRepFromOff
                0x00004b0c       0x94 ./source/fsmtable.o
 .text.goToRepFromVol
                0x00004ba0       0x78 ./source/fsmtable.o
 .text.goToRepFromEq
                0x00004c18       0x78 ./source/fsmtable.o
 .text.playPauseSong
                0x00004c90       0x88 ./source/fsmtable.o
 .text.goToVolume
                0x00004d18       0x50 ./source/fsmtable.o
 .text.changeVolumeRight
                0x00004d68       0x74 ./source/fsmtable.o
 .text.changeVolumeLeft
                0x00004ddc       0x74 ./source/fsmtable.o
 .text.goToEq   0x00004e50       0x5c ./source/fsmtable.o
 .text.changeEqRight
                0x00004eac       0x68 ./source/fsmtable.o
 .text.changeEqLeft
                0x00004f14       0x68 ./source/fsmtable.o
 .text.turnOff  0x00004f7c       0x6c ./source/fsmtable.o
 .text.goToRepFromNoSD
                0x00004fe8       0x8c ./source/fsmtable.o
 .text.NOSDcard
                0x00005074       0x50 ./source/fsmtable.o
 .text.YESSDcard
                0x000050c4       0x18 ./source/fsmtable.o
 .text.__NVIC_EnableIRQ
                0x000050dc       0x3c ./source/gpio.o
 .text.gpioIRQ  0x00005118      0x120 ./source/gpio.o
                0x00005118                gpioIRQ
 .text.PORTB_IRQHandler
                0x00005238       0xe8 ./source/gpio.o
                0x00005238                PORTB_IRQHandler
 .text.PORTC_IRQHandler
                0x00005320       0xe8 ./source/gpio.o
                0x00005320                PORTC_IRQHandler
 .text.PIT_SetTimerPeriod
                0x00005408       0x38 ./source/player.o
 .text.playerInit
                0x00005440       0x84 ./source/player.o
                0x00005440                playerInit
 .text.playPlayer
                0x000054c4       0xf0 ./source/player.o
                0x000054c4                playPlayer
 .text.stopPlayer
                0x000055b4       0x44 ./source/player.o
                0x000055b4                stopPlayer
 .text.pausePlayer
                0x000055f8       0x50 ./source/player.o
                0x000055f8                pausePlayer
 .text.nextSong
                0x00005648       0xd4 ./source/player.o
                0x00005648                nextSong
 .text.prevSong
                0x0000571c       0xd4 ./source/player.o
                0x0000571c                prevSong
 .text.adjustVolume
                0x000057f0       0x20 ./source/player.o
                0x000057f0                adjustVolume
 .text.selectSong
                0x00005810       0x4c ./source/player.o
                0x00005810                selectSong
 .text.updatePlayer
                0x0000585c      0x2a4 ./source/player.o
                0x0000585c                updatePlayer
 .text.getCurrentSongName
                0x00005b00       0x1c ./source/player.o
                0x00005b00                getCurrentSongName
 .text.DMA_callback
                0x00005b1c       0x88 ./source/player.o
                0x00005b1c                DMA_callback
 .text.readMP3Files
                0x00005ba4       0xfc ./source/player.o
 .text.processSamples
                0x00005ca0      0x178 ./source/player.o
                0x00005ca0                processSamples
 .text.initList
                0x00005e18       0x24 ./source/songList.o
                0x00005e18                initList
 .text.getListHead
                0x00005e3c       0x14 ./source/songList.o
                0x00005e3c                getListHead
 .text.getListTail
                0x00005e50       0x14 ./source/songList.o
                0x00005e50                getListTail
 .text.pushtoBack
                0x00005e64       0x50 ./source/songList.o
                0x00005e64                pushtoBack
 .text.__NVIC_EnableIRQ
                0x00005eb4       0x3c ./source/timer.o
 .text.__NVIC_ClearPendingIRQ
                0x00005ef0       0x3c ./source/timer.o
 .text.__NVIC_SetPriority
                0x00005f2c       0x54 ./source/timer.o
 .text.SysTick_Config
                0x00005f80       0x44 ./source/timer.o
 .text.initTimer_SYS
                0x00005fc4       0x30 ./source/timer.o
                0x00005fc4                initTimer_SYS
 .text.createTimer_SYS
                0x00005ff4       0xb0 ./source/timer.o
                0x00005ff4                createTimer_SYS
 .text.resetTimer_SYS
                0x000060a4       0x30 ./source/timer.o
                0x000060a4                resetTimer_SYS
 .text.startTimer_SYS
                0x000060d4       0x54 ./source/timer.o
                0x000060d4                startTimer_SYS
 .text.stopTimer_SYS
                0x00006128       0x54 ./source/timer.o
                0x00006128                stopTimer_SYS
 .text.SysTick_Handler
                0x0000617c       0xcc ./source/timer.o
                0x0000617c                SysTick_Handler
 .text.initVumeter
                0x00006248       0xbc ./source/vumeter.o
                0x00006248                initVumeter
 .text.vumeterOn
                0x00006304       0x18 ./source/vumeter.o
                0x00006304                vumeterOn
 .text.setLevel
                0x0000631c       0x5c ./source/vumeter.o
                0x0000631c                setLevel
 .text.selectBar
                0x00006378       0x2c ./source/vumeter.o
                0x00006378                selectBar
 .text.SD_SendApplicationCmd
                0x000063a4       0x30 ./sdmmc/src/fsl_sd.o
 .text.SD_GoIdle
                0x000063d4       0x2c ./sdmmc/src/fsl_sd.o
 .text.SD_SetBlockSize
                0x00006400       0x30 ./sdmmc/src/fsl_sd.o
 .text.SD_ExecuteTuning
                0x00006430       0x3c ./sdmmc/src/fsl_sd.o
 .text.SD_SwitchVoltage
                0x0000646c      0x10c ./sdmmc/src/fsl_sd.o
 .text.SD_StopTransmission
                0x00006578       0x80 ./sdmmc/src/fsl_sd.o
 .text.SD_Transfer
                0x000065f8       0xc8 ./sdmmc/src/fsl_sd.o
 .text.SD_SendCardStatus
                0x000066c0       0xac ./sdmmc/src/fsl_sd.o
 .text.SD_PollingCardStatusBusy
                0x0000676c       0x7c ./sdmmc/src/fsl_sd.o
                0x0000676c                SD_PollingCardStatusBusy
 .text.SD_SendRca
                0x000067e8       0x74 ./sdmmc/src/fsl_sd.o
 .text.SD_SwitchFunction
                0x0000685c       0xc8 ./sdmmc/src/fsl_sd.o
 .text.SD_DecodeScr
                0x00006924      0x178 ./sdmmc/src/fsl_sd.o
 .text.SD_SendScr
                0x00006a9c       0xe0 ./sdmmc/src/fsl_sd.o
 .text.SD_SelectFunction
                0x00006b7c      0x188 ./sdmmc/src/fsl_sd.o
 .text.SD_SetDataBusWidth
                0x00006d04       0x9c ./sdmmc/src/fsl_sd.o
 .text.SD_DecodeCsd
                0x00006da0      0x374 ./sdmmc/src/fsl_sd.o
 .text.SD_SendCsd
                0x00007114       0x98 ./sdmmc/src/fsl_sd.o
 .text.SD_DecodeCid
                0x000071ac       0xd4 ./sdmmc/src/fsl_sd.o
 .text.SD_AllSendCid
                0x00007280       0x94 ./sdmmc/src/fsl_sd.o
 .text.SD_ApplicationSendOperationCondition
                0x00007314       0xdc ./sdmmc/src/fsl_sd.o
 .text.SD_SendInterfaceCondition
                0x000073f0       0x98 ./sdmmc/src/fsl_sd.o
 .text.SD_SelectBusTiming
                0x00007488      0x25c ./sdmmc/src/fsl_sd.o
 .text.SD_DecodeStatus
                0x000076e4      0x114 ./sdmmc/src/fsl_sd.o
 .text.SD_ReadStatus
                0x000077f8       0xfc ./sdmmc/src/fsl_sd.o
                0x000077f8                SD_ReadStatus
 .text.SD_SelectCard
                0x000078f4       0x38 ./sdmmc/src/fsl_sd.o
                0x000078f4                SD_SelectCard
 .text.SD_Read  0x0000792c      0x14c ./sdmmc/src/fsl_sd.o
 .text.SD_ReadBlocks
                0x00007a78      0x188 ./sdmmc/src/fsl_sd.o
                0x00007a78                SD_ReadBlocks
 .text.SD_ProbeBusVoltage
                0x00007c00      0x164 ./sdmmc/src/fsl_sd.o
 .text.sdcard_init
                0x00007d64      0x160 ./sdmmc/src/fsl_sd.o
 .text.SD_CardInit
                0x00007ec4       0x60 ./sdmmc/src/fsl_sd.o
                0x00007ec4                SD_CardInit
 .text.SD_CardDeinit
                0x00007f24       0x54 ./sdmmc/src/fsl_sd.o
                0x00007f24                SD_CardDeinit
 .text.SD_HostInit
                0x00007f78       0x8c ./sdmmc/src/fsl_sd.o
                0x00007f78                SD_HostInit
 .text.SD_HostDeinit
                0x00008004       0x34 ./sdmmc/src/fsl_sd.o
                0x00008004                SD_HostDeinit
 .text.SD_SetCardPower
                0x00008038       0x80 ./sdmmc/src/fsl_sd.o
                0x00008038                SD_SetCardPower
 .text.SD_IsCardPresent
                0x000080b8       0x80 ./sdmmc/src/fsl_sd.o
                0x000080b8                SD_IsCardPresent
 .text.SD_PollingCardInsert
                0x00008138       0xcc ./sdmmc/src/fsl_sd.o
                0x00008138                SD_PollingCardInsert
 .text.SD_Init  0x00008204       0x84 ./sdmmc/src/fsl_sd.o
                0x00008204                SD_Init
 .text.SDMMC_SelectCard
                0x00008288       0x84 ./sdmmc/src/fsl_sdmmc_common.o
                0x00008288                SDMMC_SelectCard
 .text.SDMMC_SendApplicationCommand
                0x0000830c       0x80 ./sdmmc/src/fsl_sdmmc_common.o
                0x0000830c                SDMMC_SendApplicationCommand
 .text.SDMMC_SetBlockSize
                0x0000838c       0x70 ./sdmmc/src/fsl_sdmmc_common.o
                0x0000838c                SDMMC_SetBlockSize
 .text.SDMMC_OSAEventCreate
                0x000083fc       0x30 ./sdmmc/osa/fsl_sdmmc_osa.o
                0x000083fc                SDMMC_OSAEventCreate
 .text.SDMMC_OSAEventWait
                0x0000842c       0x6c ./sdmmc/osa/fsl_sdmmc_osa.o
                0x0000842c                SDMMC_OSAEventWait
 .text.SDMMC_OSAEventSet
                0x00008498       0x50 ./sdmmc/osa/fsl_sdmmc_osa.o
                0x00008498                SDMMC_OSAEventSet
 .text.SDMMC_OSAEventGet
                0x000084e8       0x40 ./sdmmc/osa/fsl_sdmmc_osa.o
                0x000084e8                SDMMC_OSAEventGet
 .text.SDMMC_OSAEventClear
                0x00008528       0x48 ./sdmmc/osa/fsl_sdmmc_osa.o
                0x00008528                SDMMC_OSAEventClear
 .text.SDMMC_OSAEventDestroy
                0x00008570       0x2c ./sdmmc/osa/fsl_sdmmc_osa.o
                0x00008570                SDMMC_OSAEventDestroy
 .text.SDMMC_OSAMutexCreate
                0x0000859c       0x2c ./sdmmc/osa/fsl_sdmmc_osa.o
                0x0000859c                SDMMC_OSAMutexCreate
 .text.SDMMC_OSAMutexLock
                0x000085c8       0x30 ./sdmmc/osa/fsl_sdmmc_osa.o
                0x000085c8                SDMMC_OSAMutexLock
 .text.SDMMC_OSAMutexUnlock
                0x000085f8       0x2c ./sdmmc/osa/fsl_sdmmc_osa.o
                0x000085f8                SDMMC_OSAMutexUnlock
 .text.SDMMC_OSAMutexDestroy
                0x00008624       0x2c ./sdmmc/osa/fsl_sdmmc_osa.o
                0x00008624                SDMMC_OSAMutexDestroy
 .text.SDMMC_OSADelay
                0x00008650       0x28 ./sdmmc/osa/fsl_sdmmc_osa.o
                0x00008650                SDMMC_OSADelay
 .text.SDMMC_OSADelayUs
                0x00008678       0x20 ./sdmmc/osa/fsl_sdmmc_osa.o
                0x00008678                SDMMC_OSADelayUs
 .text.SDMMCHOST_PollingCardDetectStatus
                0x00008698      0x120 ./sdmmc/host/fsl_sdmmc_host.o
                0x00008698                SDMMCHOST_PollingCardDetectStatus
 .text.SDMMCHOST_Init
                0x000087b8       0xdc ./sdmmc/host/fsl_sdmmc_host.o
                0x000087b8                SDMMCHOST_Init
 .text.sd_disk_read
                0x00008894       0x40 ./fatfs/source/fsl_sd_disk/fsl_sd_disk.o
                0x00008894                sd_disk_read
 .text.sd_disk_initialize
                0x000088d4       0x5c ./fatfs/source/fsl_sd_disk/fsl_sd_disk.o
                0x000088d4                sd_disk_initialize
 .text.cmp_lfn  0x00008930       0xdc ./fatfs/source/ff.o
 .text.pick_lfn
                0x00008a0c       0xcc ./fatfs/source/ff.o
 .text.create_name
                0x00008ad8      0x458 ./fatfs/source/ff.o
 .text.get_ldnumber
                0x00008f30       0x90 ./fatfs/source/ff.o
 .text.check_fs
                0x00008fc0      0x148 ./fatfs/source/ff.o
 .text.mount_volume
                0x00009108      0x328 ./fatfs/source/ff.o
 .text.f_mount  0x00009430       0x80 ./fatfs/source/ff.o
                0x00009430                f_mount
 .text.f_chdrive
                0x000094b0       0x34 ./fatfs/source/ff.o
                0x000094b0                f_chdrive
 .text.ff_uni2oem
                0x000094e4       0x74 ./fatfs/source/ffunicode.o
                0x000094e4                ff_uni2oem
 .text.ff_oem2uni
                0x00009558       0x58 ./fatfs/source/ffunicode.o
                0x00009558                ff_oem2uni
 .text.ff_wtoupper
                0x000095b0      0x124 ./fatfs/source/ffunicode.o
                0x000095b0                ff_wtoupper
 .text.CLOCK_SetEr32kClock
                0x000096d4       0x30 ./drivers/fsl_clock.o
 .text.CLOCK_SetPllFllSelClock
                0x00009704       0x3c ./drivers/fsl_clock.o
 .text.CLOCK_GetMcgExtClkFreq
                0x00009740       0x78 ./drivers/fsl_clock.o
 .text.CLOCK_GetFllExtRefClkFreq
                0x000097b8       0xc4 ./drivers/fsl_clock.o
 .text.CLOCK_GetInternalRefClkSelectFreq
                0x0000987c       0x4c ./drivers/fsl_clock.o
 .text.CLOCK_GetFllRefClkFreq
                0x000098c8       0x34 ./drivers/fsl_clock.o
 .text.CLOCK_GetOscRangeFromFreq
                0x000098fc       0x3c ./drivers/fsl_clock.o
 .text.CLOCK_GetOsc0ErClkFreq
                0x00009938       0x44 ./drivers/fsl_clock.o
                0x00009938                CLOCK_GetOsc0ErClkFreq
 .text.CLOCK_GetEr32kClkFreq
                0x0000997c       0x70 ./drivers/fsl_clock.o
                0x0000997c                CLOCK_GetEr32kClkFreq
 .text.CLOCK_GetPllFllSelClkFreq
                0x000099ec       0x54 ./drivers/fsl_clock.o
                0x000099ec                CLOCK_GetPllFllSelClkFreq
 .text.CLOCK_GetCoreSysClkFreq
                0x00009a40       0x28 ./drivers/fsl_clock.o
                0x00009a40                CLOCK_GetCoreSysClkFreq
 .text.CLOCK_GetFreq
                0x00009a68      0x148 ./drivers/fsl_clock.o
                0x00009a68                CLOCK_GetFreq
 .text.CLOCK_SetSimConfig
                0x00009bb0       0x38 ./drivers/fsl_clock.o
                0x00009bb0                CLOCK_SetSimConfig
 .text.CLOCK_GetOutClkFreq
                0x00009be8       0x64 ./drivers/fsl_clock.o
                0x00009be8                CLOCK_GetOutClkFreq
 .text.CLOCK_GetFllFreq
                0x00009c4c       0x84 ./drivers/fsl_clock.o
                0x00009c4c                CLOCK_GetFllFreq
 .text.CLOCK_GetInternalRefClkFreq
                0x00009cd0       0x30 ./drivers/fsl_clock.o
                0x00009cd0                CLOCK_GetInternalRefClkFreq
 .text.CLOCK_GetPll0Freq
                0x00009d00       0x78 ./drivers/fsl_clock.o
                0x00009d00                CLOCK_GetPll0Freq
 .text.CLOCK_SetExternalRefClkConfig
                0x00009d78       0x6c ./drivers/fsl_clock.o
                0x00009d78                CLOCK_SetExternalRefClkConfig
 .text.CLOCK_EnablePll0
                0x00009de4       0x84 ./drivers/fsl_clock.o
                0x00009de4                CLOCK_EnablePll0
 .text.CLOCK_InitOsc0
                0x00009e68       0x8c ./drivers/fsl_clock.o
                0x00009e68                CLOCK_InitOsc0
 .text.CLOCK_SetPbeMode
                0x00009ef4       0xa8 ./drivers/fsl_clock.o
                0x00009ef4                CLOCK_SetPbeMode
 .text.CLOCK_BootToPeeMode
                0x00009f9c       0x64 ./drivers/fsl_clock.o
                0x00009f9c                CLOCK_BootToPeeMode
 .text.SDK_DelayAtLeastUs
                0x0000a000       0x84 ./drivers/fsl_common_arm.o
                0x0000a000                SDK_DelayAtLeastUs
 .text.DAC_GetInstance
                0x0000a084       0x4c ./drivers/fsl_dac.o
 .text.DAC_Init
                0x0000a0d0       0x70 ./drivers/fsl_dac.o
                0x0000a0d0                DAC_Init
 .text.DAC_SetBufferValue
                0x0000a140       0x50 ./drivers/fsl_dac.o
                0x0000a140                DAC_SetBufferValue
 .text.DAC_SetBufferReadPointer
                0x0000a190       0x48 ./drivers/fsl_dac.o
                0x0000a190                DAC_SetBufferReadPointer
 .text.DMAMUX_GetInstance
                0x0000a1d8       0x44 ./drivers/fsl_dmamux.o
 .text.DMAMUX_Init
                0x0000a21c       0x24 ./drivers/fsl_dmamux.o
                0x0000a21c                DMAMUX_Init
 .text.DSPI_CommonIRQHandler
                0x0000a240       0x40 ./drivers/fsl_dspi.o
 .text.SPI0_DriverIRQHandler
                0x0000a280       0x30 ./drivers/fsl_dspi.o
                0x0000a280                SPI0_DriverIRQHandler
 .text.SPI1_DriverIRQHandler
                0x0000a2b0       0x30 ./drivers/fsl_dspi.o
                0x0000a2b0                SPI1_DriverIRQHandler
 .text.SPI2_DriverIRQHandler
                0x0000a2e0       0x30 ./drivers/fsl_dspi.o
                0x0000a2e0                SPI2_DriverIRQHandler
 .text.__NVIC_EnableIRQ
                0x0000a310       0x3c ./drivers/fsl_edma.o
 .text.EDMA_GetInstance
                0x0000a34c       0x44 ./drivers/fsl_edma.o
 .text.EDMA_InstallTCD
                0x0000a390      0x148 ./drivers/fsl_edma.o
                0x0000a390                EDMA_InstallTCD
 .text.EDMA_Init
                0x0000a4d8       0x98 ./drivers/fsl_edma.o
                0x0000a4d8                EDMA_Init
 .text.EDMA_SetTransferConfig
                0x0000a570       0x60 ./drivers/fsl_edma.o
                0x0000a570                EDMA_SetTransferConfig
 .text.EDMA_TcdReset
                0x0000a5d0       0x78 ./drivers/fsl_edma.o
                0x0000a5d0                EDMA_TcdReset
 .text.EDMA_TcdSetTransferConfig
                0x0000a648      0x12c ./drivers/fsl_edma.o
                0x0000a648                EDMA_TcdSetTransferConfig
 .text.EDMA_GetChannelStatusFlags
                0x0000a774       0x74 ./drivers/fsl_edma.o
                0x0000a774                EDMA_GetChannelStatusFlags
 .text.EDMA_GetInstanceOffset
                0x0000a7e8       0x48 ./drivers/fsl_edma.o
 .text.EDMA_CreateHandle
                0x0000a830       0xe0 ./drivers/fsl_edma.o
                0x0000a830                EDMA_CreateHandle
 .text.EDMA_InstallTCDMemory
                0x0000a910       0x58 ./drivers/fsl_edma.o
                0x0000a910                EDMA_InstallTCDMemory
 .text.EDMA_SetCallback
                0x0000a968       0x30 ./drivers/fsl_edma.o
                0x0000a968                EDMA_SetCallback
 .text.EDMA_TransferWidthMapping
                0x0000a998       0xd0 ./drivers/fsl_edma.o
 .text.EDMA_PrepareTransferConfig
                0x0000aa68      0x134 ./drivers/fsl_edma.o
                0x0000aa68                EDMA_PrepareTransferConfig
 .text.EDMA_SubmitTransfer
                0x0000ab9c      0x304 ./drivers/fsl_edma.o
                0x0000ab9c                EDMA_SubmitTransfer
 .text.EDMA_StartTransfer
                0x0000aea0       0xb0 ./drivers/fsl_edma.o
                0x0000aea0                EDMA_StartTransfer
 .text.EDMA_HandleIRQ
                0x0000af50      0x1b0 ./drivers/fsl_edma.o
                0x0000af50                EDMA_HandleIRQ
 .text.DMA0_DriverIRQHandler
                0x0000b100       0x1c ./drivers/fsl_edma.o
                0x0000b100                DMA0_DriverIRQHandler
 .text.DMA1_DriverIRQHandler
                0x0000b11c       0x1c ./drivers/fsl_edma.o
                0x0000b11c                DMA1_DriverIRQHandler
 .text.DMA2_DriverIRQHandler
                0x0000b138       0x1c ./drivers/fsl_edma.o
                0x0000b138                DMA2_DriverIRQHandler
 .text.DMA3_DriverIRQHandler
                0x0000b154       0x1c ./drivers/fsl_edma.o
                0x0000b154                DMA3_DriverIRQHandler
 .text.DMA4_DriverIRQHandler
                0x0000b170       0x1c ./drivers/fsl_edma.o
                0x0000b170                DMA4_DriverIRQHandler
 .text.DMA5_DriverIRQHandler
                0x0000b18c       0x1c ./drivers/fsl_edma.o
                0x0000b18c                DMA5_DriverIRQHandler
 .text.DMA6_DriverIRQHandler
                0x0000b1a8       0x1c ./drivers/fsl_edma.o
                0x0000b1a8                DMA6_DriverIRQHandler
 .text.DMA7_DriverIRQHandler
                0x0000b1c4       0x1c ./drivers/fsl_edma.o
                0x0000b1c4                DMA7_DriverIRQHandler
 .text.DMA8_DriverIRQHandler
                0x0000b1e0       0x1c ./drivers/fsl_edma.o
                0x0000b1e0                DMA8_DriverIRQHandler
 .text.DMA9_DriverIRQHandler
                0x0000b1fc       0x1c ./drivers/fsl_edma.o
                0x0000b1fc                DMA9_DriverIRQHandler
 .text.DMA10_DriverIRQHandler
                0x0000b218       0x1c ./drivers/fsl_edma.o
                0x0000b218                DMA10_DriverIRQHandler
 .text.DMA11_DriverIRQHandler
                0x0000b234       0x1c ./drivers/fsl_edma.o
                0x0000b234                DMA11_DriverIRQHandler
 .text.DMA12_DriverIRQHandler
                0x0000b250       0x1c ./drivers/fsl_edma.o
                0x0000b250                DMA12_DriverIRQHandler
 .text.DMA13_DriverIRQHandler
                0x0000b26c       0x1c ./drivers/fsl_edma.o
                0x0000b26c                DMA13_DriverIRQHandler
 .text.DMA14_DriverIRQHandler
                0x0000b288       0x1c ./drivers/fsl_edma.o
                0x0000b288                DMA14_DriverIRQHandler
 .text.DMA15_DriverIRQHandler
                0x0000b2a4       0x1c ./drivers/fsl_edma.o
                0x0000b2a4                DMA15_DriverIRQHandler
 .text.GPIO_PinInit
                0x0000b2c0       0x64 ./drivers/fsl_gpio.o
                0x0000b2c0                GPIO_PinInit
 .text.I2C_GetInstance
                0x0000b324       0x4c ./drivers/fsl_i2c.o
                0x0000b324                I2C_GetInstance
 .text.I2C_TransferCommonIRQHandler
                0x0000b370       0x54 ./drivers/fsl_i2c.o
 .text.I2C_MasterInit
                0x0000b3c4       0xe4 ./drivers/fsl_i2c.o
                0x0000b3c4                I2C_MasterInit
 .text.I2C_MasterSetBaudRate
                0x0000b4a8       0xe8 ./drivers/fsl_i2c.o
                0x0000b4a8                I2C_MasterSetBaudRate
 .text.I2C2_DriverIRQHandler
                0x0000b590       0x1c ./drivers/fsl_i2c.o
                0x0000b590                I2C2_DriverIRQHandler
 .text.LLWU_SetExternalWakeupPinMode
                0x0000b5ac       0xa0 ./drivers/fsl_llwu.o
                0x0000b5ac                LLWU_SetExternalWakeupPinMode
 .text.PIT_GetInstance
                0x0000b64c       0x44 ./drivers/fsl_pit.o
 .text.PIT_Init
                0x0000b690       0x94 ./drivers/fsl_pit.o
                0x0000b690                PIT_Init
 .text.__NVIC_EnableIRQ
                0x0000b724       0x3c ./drivers/fsl_sdhc.o
 .text.SDHC_GetInstance
                0x0000b760       0x40 ./drivers/fsl_sdhc.o
 .text.SDHC_ReceiveCommandResponse
                0x0000b7a0       0xc0 ./drivers/fsl_sdhc.o
 .text.SDHC_TransferHandleCommand
                0x0000b860       0xb0 ./drivers/fsl_sdhc.o
 .text.SDHC_TransferHandleData
                0x0000b910       0xdc ./drivers/fsl_sdhc.o
 .text.SDHC_Init
                0x0000b9ec      0x114 ./drivers/fsl_sdhc.o
                0x0000b9ec                SDHC_Init
 .text.SDHC_Deinit
                0x0000bb00       0x24 ./drivers/fsl_sdhc.o
                0x0000bb00                SDHC_Deinit
 .text.SDHC_SetSdClock
                0x0000bb24      0x17c ./drivers/fsl_sdhc.o
                0x0000bb24                SDHC_SetSdClock
 .text.SDHC_SetTransferConfig
                0x0000bca0       0x8c ./drivers/fsl_sdhc.o
                0x0000bca0                SDHC_SetTransferConfig
 .text.SDHC_SetAdmaTableConfig
                0x0000bd2c      0x15c ./drivers/fsl_sdhc.o
                0x0000bd2c                SDHC_SetAdmaTableConfig
 .text.SDHC_TransferCreateHandle
                0x0000be88       0xa0 ./drivers/fsl_sdhc.o
                0x0000be88                SDHC_TransferCreateHandle
 .text.SDHC_TransferNonBlocking
                0x0000bf28      0x13c ./drivers/fsl_sdhc.o
                0x0000bf28                SDHC_TransferNonBlocking
 .text.SDHC_TransferHandleIRQ
                0x0000c064       0x9c ./drivers/fsl_sdhc.o
                0x0000c064                SDHC_TransferHandleIRQ
 .text.SDHC_DriverIRQHandler
                0x0000c100       0x38 ./drivers/fsl_sdhc.o
                0x0000c100                SDHC_DriverIRQHandler
 .text.SMC_PostExitStopModes
                0x0000c138       0x1c ./drivers/fsl_smc.o
                0x0000c138                SMC_PostExitStopModes
 .text.UART_GetInstance
                0x0000c154       0x54 ./drivers/fsl_uart.o
                0x0000c154                UART_GetInstance
 .text.UART_Init
                0x0000c1a8      0x2f4 ./drivers/fsl_uart.o
                0x0000c1a8                UART_Init
 .text.UART_DisableInterrupts
                0x0000c49c       0x90 ./drivers/fsl_uart.o
                0x0000c49c                UART_DisableInterrupts
 .text.UART_GetEnabledInterrupts
                0x0000c52c       0x50 ./drivers/fsl_uart.o
                0x0000c52c                UART_GetEnabledInterrupts
 .text.HAL_UartInterruptHandle
                0x0000c57c      0x17c ./component/uart/fsl_adapter_uart.o
 .text.OSA_SemaphoreCreate
                0x0000c6f8       0x38 ./component/osa/fsl_os_abstraction_bm.o
                0x0000c6f8                OSA_SemaphoreCreate
 .text.OSA_SemaphoreDestroy
                0x0000c730       0x30 ./component/osa/fsl_os_abstraction_bm.o
                0x0000c730                OSA_SemaphoreDestroy
 .text.OSA_SemaphoreWait
                0x0000c760       0x6c ./component/osa/fsl_os_abstraction_bm.o
                0x0000c760                OSA_SemaphoreWait
 .text.OSA_SemaphorePost
                0x0000c7cc       0x58 ./component/osa/fsl_os_abstraction_bm.o
                0x0000c7cc                OSA_SemaphorePost
 .text.OSA_MutexCreate
                0x0000c824       0x34 ./component/osa/fsl_os_abstraction_bm.o
                0x0000c824                OSA_MutexCreate
 .text.OSA_MutexUnlock
                0x0000c858       0x40 ./component/osa/fsl_os_abstraction_bm.o
                0x0000c858                OSA_MutexUnlock
 .text.OSA_MutexDestroy
                0x0000c898       0x30 ./component/osa/fsl_os_abstraction_bm.o
                0x0000c898                OSA_MutexDestroy
 .text.CLOCK_SetSimSafeDivs
                0x0000c8c8       0x20 ./board/clock_config.o
 .text.CLOCK_SetXtal0Freq
                0x0000c8e8       0x20 ./board/clock_config.o
 .text.CLOCK_CONFIG_SetFllExtRefDiv
                0x0000c908       0x3c ./board/clock_config.o
 .text.BOARD_BootClockRUN
                0x0000c944       0x54 ./board/clock_config.o
                0x0000c944                BOARD_BootClockRUN
 .text.__NVIC_EnableIRQ
                0x0000c998       0x3c ./board/peripherals.o
 .text.DMAMUX_EnableChannel
                0x0000c9d4       0x3c ./board/peripherals.o
 .text.DMAMUX_SetSource
                0x0000ca10       0x4c ./board/peripherals.o
 .text.DMAMUX_EnablePeriodTrigger
                0x0000ca5c       0x3c ./board/peripherals.o
 .text.PIT_SetTimerPeriod
                0x0000ca98       0x38 ./board/peripherals.o
 .text.DMA_init
                0x0000cad0      0x108 ./board/peripherals.o
 .text.DAC0_init
                0x0000cbd8       0x34 ./board/peripherals.o
 .text.PIT_init
                0x0000cc0c       0x84 ./board/peripherals.o
 .text.UART0_init
                0x0000cc90       0x24 ./board/peripherals.o
 .text.I2C0_init
                0x0000ccb4       0x30 ./board/peripherals.o
 .text.BOARD_InitPeripherals
                0x0000cce4       0x38 ./board/peripherals.o
                0x0000cce4                BOARD_InitPeripherals
 .text.PORT_SetPinConfig
                0x0000cd1c       0x38 ./board/pin_mux.o
 .text.BOARD_InitPins
                0x0000cd54      0x19c ./board/pin_mux.o
                0x0000cd54                BOARD_InitPins
 .text.__NVIC_EnableIRQ
                0x0000cef0       0x3c ./board/sdmmc_config.o
 .text.__NVIC_SetPriority
                0x0000cf2c       0x54 ./board/sdmmc_config.o
 .text.BOARD_SDCardGetDetectStatus
                0x0000cf80       0x20 ./board/sdmmc_config.o
                0x0000cf80                BOARD_SDCardGetDetectStatus
 .text.PORTE_IRQHandler
                0x0000cfa0       0x48 ./board/sdmmc_config.o
                0x0000cfa0                PORTE_IRQHandler
 .text.BOARD_SDCardDetectInit
                0x0000cfe8       0x74 ./board/sdmmc_config.o
                0x0000cfe8                BOARD_SDCardDetectInit
 .text.BOARD_SD_Config
                0x0000d05c       0x74 ./board/sdmmc_config.o
                0x0000d05c                BOARD_SD_Config
 .text.hw_Init  0x0000d0d0      0x10c ./SDK/startup/hardware.o
                0x0000d0d0                hw_Init
 .text.SystemInit
                0x0000d1dc       0x3c ./SDK/CMSIS/system_MK64F12.o
                0x0000d1dc                SystemInit
 .text          0x0000d218      0xaa8 C:\Users\Mili\Downloads\TPFinal_LDM_2023-main\TPFinal_LDM_2023-main\ReproductorMP3\helix\libhelix.a(mp3dec.o)
                0x0000d218                MP3InitDecoder
                0x0000d21c                MP3FreeDecoder
                0x0000d224                MP3FindSyncWord
                0x0000d250                MP3GetLastFrameInfo
                0x0000d2a8                MP3GetNextFrameInfo
                0x0000d308                MP3Decode
 .text          0x0000dcc0      0xcb8 C:\Users\Mili\Downloads\TPFinal_LDM_2023-main\TPFinal_LDM_2023-main\ReproductorMP3\helix\libhelix.a(bitstream.o)
                0x0000df00                xmp3fixpt_SetBitstreamPointer
                0x0000df0c                xmp3fixpt_GetBits
                0x0000dfdc                xmp3fixpt_CalcBitsUsed
                0x0000dff0                xmp3fixpt_CheckPadBit
                0x0000e008                xmp3fixpt_UnpackFrameHeader
                0x0000e1f4                xmp3fixpt_UnpackSideInfo
 .text          0x0000e978       0xd0 C:\Users\Mili\Downloads\TPFinal_LDM_2023-main\TPFinal_LDM_2023-main\ReproductorMP3\helix\libhelix.a(buffers.o)
                0x0000e978                xmp3fixpt_AllocateBuffers
                0x0000ea44                xmp3fixpt_FreeBuffers
 .text          0x0000ea48      0x284 C:\Users\Mili\Downloads\TPFinal_LDM_2023-main\TPFinal_LDM_2023-main\ReproductorMP3\helix\libhelix.a(dequant.o)
                0x0000ea48                xmp3fixpt_Dequantize
 .text          0x0000eccc      0x40c C:\Users\Mili\Downloads\TPFinal_LDM_2023-main\TPFinal_LDM_2023-main\ReproductorMP3\helix\libhelix.a(dqchan.o)
                0x0000ee5c                xmp3fixpt_DequantChannel
 .text          0x0000f0d8      0x7c0 C:\Users\Mili\Downloads\TPFinal_LDM_2023-main\TPFinal_LDM_2023-main\ReproductorMP3\helix\libhelix.a(huffman.o)
                0x0000f0d8                xmp3fixpt_DecodeHuffman
 .text          0x0000f898     0x140c C:\Users\Mili\Downloads\TPFinal_LDM_2023-main\TPFinal_LDM_2023-main\ReproductorMP3\helix\libhelix.a(imdct.o)
                0x0000fc04                xmp3fixpt_IMDCT
 .text          0x00010ca4      0x87c C:\Users\Mili\Downloads\TPFinal_LDM_2023-main\TPFinal_LDM_2023-main\ReproductorMP3\helix\libhelix.a(scalfact.o)
                0x00010ca4                xmp3fixpt_UnpackScaleFactors
 .text          0x00011520      0x644 C:\Users\Mili\Downloads\TPFinal_LDM_2023-main\TPFinal_LDM_2023-main\ReproductorMP3\helix\libhelix.a(stproc.o)
                0x00011520                xmp3fixpt_MidSideProc
                0x00011584                xmp3fixpt_IntensityProcMPEG1
                0x000118b4                xmp3fixpt_IntensityProcMPEG2
 .text          0x00011b64      0x114 C:\Users\Mili\Downloads\TPFinal_LDM_2023-main\TPFinal_LDM_2023-main\ReproductorMP3\helix\libhelix.a(subband.o)
                0x00011b64                xmp3fixpt_Subband
 .text          0x00011c78      0xa80 C:\Users\Mili\Downloads\TPFinal_LDM_2023-main\TPFinal_LDM_2023-main\ReproductorMP3\helix\libhelix.a(dct32.o)
                0x00011c78                xmp3fixpt_FDCT32
 .text          0x000126f8      0x858 C:\Users\Mili\Downloads\TPFinal_LDM_2023-main\TPFinal_LDM_2023-main\ReproductorMP3\helix\libhelix.a(polyphase.o)
                0x000126f8                xmp3fixpt_PolyphaseMono
                0x000129e0                xmp3fixpt_PolyphaseStereo
 .text.arm_rfft_32_fast_init_f32
                0x00012f50       0x34 C:\Users\Mili\Downloads\TPFinal_LDM_2023-main\TPFinal_LDM_2023-main\ReproductorMP3\SDK\CMSIS\DSP\Lib\GCC\libarm_cortexM4lf_math.a(arm_rfft_fast_init_f32.o)
                0x00012f50                arm_rfft_32_fast_init_f32
 .text.arm_rfft_64_fast_init_f32
                0x00012f84       0x34 C:\Users\Mili\Downloads\TPFinal_LDM_2023-main\TPFinal_LDM_2023-main\ReproductorMP3\SDK\CMSIS\DSP\Lib\GCC\libarm_cortexM4lf_math.a(arm_rfft_fast_init_f32.o)
                0x00012f84                arm_rfft_64_fast_init_f32
 .text.arm_rfft_256_fast_init_f32
                0x00012fb8       0x38 C:\Users\Mili\Downloads\TPFinal_LDM_2023-main\TPFinal_LDM_2023-main\ReproductorMP3\SDK\CMSIS\DSP\Lib\GCC\libarm_cortexM4lf_math.a(arm_rfft_fast_init_f32.o)
                0x00012fb8                arm_rfft_256_fast_init_f32
 .text.arm_rfft_512_fast_init_f32
                0x00012ff0       0x3c C:\Users\Mili\Downloads\TPFinal_LDM_2023-main\TPFinal_LDM_2023-main\ReproductorMP3\SDK\CMSIS\DSP\Lib\GCC\libarm_cortexM4lf_math.a(arm_rfft_fast_init_f32.o)
                0x00012ff0                arm_rfft_512_fast_init_f32
 .text.arm_rfft_1024_fast_init_f32
                0x0001302c       0x3c C:\Users\Mili\Downloads\TPFinal_LDM_2023-main\TPFinal_LDM_2023-main\ReproductorMP3\SDK\CMSIS\DSP\Lib\GCC\libarm_cortexM4lf_math.a(arm_rfft_fast_init_f32.o)
                0x0001302c                arm_rfft_1024_fast_init_f32
 .text.arm_rfft_2048_fast_init_f32
                0x00013068       0x3c C:\Users\Mili\Downloads\TPFinal_LDM_2023-main\TPFinal_LDM_2023-main\ReproductorMP3\SDK\CMSIS\DSP\Lib\GCC\libarm_cortexM4lf_math.a(arm_rfft_fast_init_f32.o)
                0x00013068                arm_rfft_2048_fast_init_f32
 .text.arm_rfft_4096_fast_init_f32
                0x000130a4       0x3c C:\Users\Mili\Downloads\TPFinal_LDM_2023-main\TPFinal_LDM_2023-main\ReproductorMP3\SDK\CMSIS\DSP\Lib\GCC\libarm_cortexM4lf_math.a(arm_rfft_fast_init_f32.o)
                0x000130a4                arm_rfft_4096_fast_init_f32
 .text.arm_rfft_fast_init_f32
                0x000130e0       0x68 C:\Users\Mili\Downloads\TPFinal_LDM_2023-main\TPFinal_LDM_2023-main\ReproductorMP3\SDK\CMSIS\DSP\Lib\GCC\libarm_cortexM4lf_math.a(arm_rfft_fast_init_f32.o)
                0x000130e0                arm_rfft_fast_init_f32
 .text.stage_rfft_f32
                0x00013148       0xb4 C:\Users\Mili\Downloads\TPFinal_LDM_2023-main\TPFinal_LDM_2023-main\ReproductorMP3\SDK\CMSIS\DSP\Lib\GCC\libarm_cortexM4lf_math.a(arm_rfft_fast_f32.o)
                0x00013148                stage_rfft_f32
 .text.merge_rfft_f32
                0x000131fc       0xac C:\Users\Mili\Downloads\TPFinal_LDM_2023-main\TPFinal_LDM_2023-main\ReproductorMP3\SDK\CMSIS\DSP\Lib\GCC\libarm_cortexM4lf_math.a(arm_rfft_fast_f32.o)
                0x000131fc                merge_rfft_f32
 .text.arm_rfft_fast_f32
                0x000132a8       0x40 C:\Users\Mili\Downloads\TPFinal_LDM_2023-main\TPFinal_LDM_2023-main\ReproductorMP3\SDK\CMSIS\DSP\Lib\GCC\libarm_cortexM4lf_math.a(arm_rfft_fast_f32.o)
                0x000132a8                arm_rfft_fast_f32
 .text.arm_cfft_radix8by2_f32
                0x000132e8      0x1a0 C:\Users\Mili\Downloads\TPFinal_LDM_2023-main\TPFinal_LDM_2023-main\ReproductorMP3\SDK\CMSIS\DSP\Lib\GCC\libarm_cortexM4lf_math.a(arm_cfft_f32.o)
                0x000132e8                arm_cfft_radix8by2_f32
 .text.arm_cfft_radix8by4_f32
                0x00013488      0x4ac C:\Users\Mili\Downloads\TPFinal_LDM_2023-main\TPFinal_LDM_2023-main\ReproductorMP3\SDK\CMSIS\DSP\Lib\GCC\libarm_cortexM4lf_math.a(arm_cfft_f32.o)
                0x00013488                arm_cfft_radix8by4_f32
 .text.arm_cfft_f32
                0x00013934       0xf0 C:\Users\Mili\Downloads\TPFinal_LDM_2023-main\TPFinal_LDM_2023-main\ReproductorMP3\SDK\CMSIS\DSP\Lib\GCC\libarm_cortexM4lf_math.a(arm_cfft_f32.o)
                0x00013934                arm_cfft_f32
 .text.arm_bitreversal_32
                0x00013a24       0x40 C:\Users\Mili\Downloads\TPFinal_LDM_2023-main\TPFinal_LDM_2023-main\ReproductorMP3\SDK\CMSIS\DSP\Lib\GCC\libarm_cortexM4lf_math.a(arm_bitreversal2.o)
                0x00013a24                arm_bitreversal_32
 .text.arm_biquad_cascade_df1_init_f32
                0x00013a64       0x18 C:\Users\Mili\Downloads\TPFinal_LDM_2023-main\TPFinal_LDM_2023-main\ReproductorMP3\SDK\CMSIS\DSP\Lib\GCC\libarm_cortexM4lf_math.a(arm_biquad_cascade_df1_init_f32.o)
                0x00013a64                arm_biquad_cascade_df1_init_f32
 .text.arm_biquad_cascade_df1_f32
                0x00013a7c      0x1fc C:\Users\Mili\Downloads\TPFinal_LDM_2023-main\TPFinal_LDM_2023-main\ReproductorMP3\SDK\CMSIS\DSP\Lib\GCC\libarm_cortexM4lf_math.a(arm_biquad_cascade_df1_f32.o)
                0x00013a7c                arm_biquad_cascade_df1_f32
 .text.arm_cmplx_mag_f32
                0x00013c78      0x248 C:\Users\Mili\Downloads\TPFinal_LDM_2023-main\TPFinal_LDM_2023-main\ReproductorMP3\SDK\CMSIS\DSP\Lib\GCC\libarm_cortexM4lf_math.a(arm_cmplx_mag_f32.o)
                0x00013c78                arm_cmplx_mag_f32
 .text.arm_radix8_butterfly_f32
                0x00013ec0      0x580 C:\Users\Mili\Downloads\TPFinal_LDM_2023-main\TPFinal_LDM_2023-main\ReproductorMP3\SDK\CMSIS\DSP\Lib\GCC\libarm_cortexM4lf_math.a(arm_cfft_radix8_f32.o)
                0x00013ec0                arm_radix8_butterfly_f32
 .text.log10f   0x00014440       0x14 c:/nxp/mcuxpressoide_10.2.0_759/ide/tools/bin/../lib/gcc/arm-none-eabi/7.2.1/../../../../arm-none-eabi/lib/thumb/v7e-m/fpv4-sp/hard\libcr_c.a(log10f.o)
                0x00014440                log10f
 .text.logf     0x00014454       0xe4 c:/nxp/mcuxpressoide_10.2.0_759/ide/tools/bin/../lib/gcc/arm-none-eabi/7.2.1/../../../../arm-none-eabi/lib/thumb/v7e-m/fpv4-sp/hard\libcr_c.a(logf.o)
                0x00014454                logf
 .text.malloc   0x00014538       0xc8 c:/nxp/mcuxpressoide_10.2.0_759/ide/tools/bin/../lib/gcc/arm-none-eabi/7.2.1/../../../../arm-none-eabi/lib/thumb/v7e-m/fpv4-sp/hard\libcr_c.a(alloc.o)
                0x00014538                malloc
 .text._Csys_alloc
                0x00014600       0x20 c:/nxp/mcuxpressoide_10.2.0_759/ide/tools/bin/../lib/gcc/arm-none-eabi/7.2.1/../../../../arm-none-eabi/lib/thumb/v7e-m/fpv4-sp/hard\libcr_c.a(alloc.o)
                0x00014600                _Csys_alloc
 .text._initio  0x00014620       0x78 c:/nxp/mcuxpressoide_10.2.0_759/ide/tools/bin/../lib/gcc/arm-none-eabi/7.2.1/../../../../arm-none-eabi/lib/thumb/v7e-m/fpv4-sp/hard\libcr_c.a(initio.o)
                0x00014620                _initio
 .text.__vfprintf
                0x00014698      0xb98 c:/nxp/mcuxpressoide_10.2.0_759/ide/tools/bin/../lib/gcc/arm-none-eabi/7.2.1/../../../../arm-none-eabi/lib/thumb/v7e-m/fpv4-sp/hard\libcr_c.a(printf.o)
                0x00014698                __vfprintf
 .text._sprintf
                0x00015230       0x6c c:/nxp/mcuxpressoide_10.2.0_759/ide/tools/bin/../lib/gcc/arm-none-eabi/7.2.1/../../../../arm-none-eabi/lib/thumb/v7e-m/fpv4-sp/hard\libcr_c.a(printf.o)
                0x00015230                _sprintf
 .text._vsnprintf
                0x0001529c       0x5c c:/nxp/mcuxpressoide_10.2.0_759/ide/tools/bin/../lib/gcc/arm-none-eabi/7.2.1/../../../../arm-none-eabi/lib/thumb/v7e-m/fpv4-sp/hard\libcr_c.a(printf.o)
                0x0001529c                _vsnprintf
 .text._printf  0x000152f8       0x54 c:/nxp/mcuxpressoide_10.2.0_759/ide/tools/bin/../lib/gcc/arm-none-eabi/7.2.1/../../../../arm-none-eabi/lib/thumb/v7e-m/fpv4-sp/hard\libcr_c.a(printf.o)
                0x000152f8                _printf
 .text.setvbuf  0x0001534c       0x40 c:/nxp/mcuxpressoide_10.2.0_759/ide/tools/bin/../lib/gcc/arm-none-eabi/7.2.1/../../../../arm-none-eabi/lib/thumb/v7e-m/fpv4-sp/hard\libcr_c.a(setvbuf.o)
                0x0001534c                setvbuf
 .text.frexpf   0x0001538c       0x58 c:/nxp/mcuxpressoide_10.2.0_759/ide/tools/bin/../lib/gcc/arm-none-eabi/7.2.1/../../../../arm-none-eabi/lib/thumb/v7e-m/fpv4-sp/hard\libcr_c.a(frexpf.o)
                0x0001538c                frexpf
 .text.ldexpf   0x000153e4       0x40 c:/nxp/mcuxpressoide_10.2.0_759/ide/tools/bin/../lib/gcc/arm-none-eabi/7.2.1/../../../../arm-none-eabi/lib/thumb/v7e-m/fpv4-sp/hard\libcr_c.a(ldexpf.o)
                0x000153e4                ldexpf
 .text._sbrk    0x00015424       0x3c c:/nxp/mcuxpressoide_10.2.0_759/ide/tools/bin/../lib/gcc/arm-none-eabi/7.2.1/../../../../arm-none-eabi/lib/thumb/v7e-m/fpv4-sp/hard\libcr_c.a(_cr_sbrk.o)
                0x00015424                _sbrk
 .text._Cwritebuf
                0x00015460       0x6c c:/nxp/mcuxpressoide_10.2.0_759/ide/tools/bin/../lib/gcc/arm-none-eabi/7.2.1/../../../../arm-none-eabi/lib/thumb/v7e-m/fpv4-sp/hard\libcr_c.a(_writebuf.o)
                0x00015460                _Cwritebuf
 .text.fflush   0x000154cc       0x44 c:/nxp/mcuxpressoide_10.2.0_759/ide/tools/bin/../lib/gcc/arm-none-eabi/7.2.1/../../../../arm-none-eabi/lib/thumb/v7e-m/fpv4-sp/hard\libcr_c.a(fflush.o)
                0x000154cc                fflush
 .text.fseek    0x00015510      0x100 c:/nxp/mcuxpressoide_10.2.0_759/ide/tools/bin/../lib/gcc/arm-none-eabi/7.2.1/../../../../arm-none-eabi/lib/thumb/v7e-m/fpv4-sp/hard\libcr_c.a(fseek.o)
                0x00015510                fseek
 .text.ftell    0x00015610       0x44 c:/nxp/mcuxpressoide_10.2.0_759/ide/tools/bin/../lib/gcc/arm-none-eabi/7.2.1/../../../../arm-none-eabi/lib/thumb/v7e-m/fpv4-sp/hard\libcr_c.a(ftell.o)
                0x00015610                ftell
 .text.__check_heap_overflow
                0x00015654       0x18 c:/nxp/mcuxpressoide_10.2.0_759/ide/tools/bin/../lib/gcc/arm-none-eabi/7.2.1/../../../../arm-none-eabi/lib/thumb/v7e-m/fpv4-sp/hard\libcr_c.a(_cr_check_heap.o)
                0x00015654                __check_heap_overflow
 .text.__aeabi_dmul
                0x0001566c      0x11c c:/nxp/mcuxpressoide_10.2.0_759/ide/tools/bin/../lib/gcc/arm-none-eabi/7.2.1/thumb/v7e-m/fpv4-sp/hard\libcr_eabihelpers.a(double.o)
                0x0001566c                __aeabi_dmul
 .text.__aeabi_ddiv
                0x00015788      0x138 c:/nxp/mcuxpressoide_10.2.0_759/ide/tools/bin/../lib/gcc/arm-none-eabi/7.2.1/thumb/v7e-m/fpv4-sp/hard\libcr_eabihelpers.a(double.o)
                0x00015788                __aeabi_ddiv
 .text.__aeabi_dsub
                0x000158c0      0x1b4 c:/nxp/mcuxpressoide_10.2.0_759/ide/tools/bin/../lib/gcc/arm-none-eabi/7.2.1/thumb/v7e-m/fpv4-sp/hard\libcr_eabihelpers.a(double.o)
                0x000158c0                __aeabi_dsub
 .text.__aeabi_dadd
                0x00015a74      0x10c c:/nxp/mcuxpressoide_10.2.0_759/ide/tools/bin/../lib/gcc/arm-none-eabi/7.2.1/thumb/v7e-m/fpv4-sp/hard\libcr_eabihelpers.a(double.o)
                0x00015a74                __aeabi_dadd
 .text.__aeabi_d2f
                0x00015b80       0x54 c:/nxp/mcuxpressoide_10.2.0_759/ide/tools/bin/../lib/gcc/arm-none-eabi/7.2.1/thumb/v7e-m/fpv4-sp/hard\libcr_eabihelpers.a(double.o)
                0x00015b80                __aeabi_d2f
 .text.__aeabi_f2d
                0x00015bd4       0x38 c:/nxp/mcuxpressoide_10.2.0_759/ide/tools/bin/../lib/gcc/arm-none-eabi/7.2.1/thumb/v7e-m/fpv4-sp/hard\libcr_eabihelpers.a(float.o)
                0x00015bd4                __aeabi_f2d
 .text.__sys_appexit
                0x00015c0c        0xc c:/nxp/mcuxpressoide_10.2.0_759/ide/tools/bin/../lib/gcc/arm-none-eabi/7.2.1/../../../../arm-none-eabi/lib/thumb/v7e-m/fpv4-sp/hard\libcr_semihost_nf.a(__sys_appexit.o)
                0x00015c0c                __sys_appexit
                0x00015c0c                __exit
 .text.buttonManagement_ISR
                0x00015c18       0x18 ./source/UI/button.o
                0x00015c18                buttonManagement_ISR
 .text.initbutton1
                0x00015c30       0x10 ./source/UI/button.o
                0x00015c30                initbutton1
 .text.initbutton2
                0x00015c40       0x10 ./source/UI/button.o
                0x00015c40                initbutton2
 .text.initbutton3
                0x00015c50       0x10 ./source/UI/button.o
                0x00015c50                initbutton3
 .text.initButtonEncoder
                0x00015c60       0x10 ./source/UI/button.o
                0x00015c60                initButtonEncoder
 .text.DisplayClear
                0x00015c70       0x16 ./source/UI/display.o
                0x00015c70                DisplayClear
 .text.DisplayHome
                0x00015c86       0x16 ./source/UI/display.o
                0x00015c86                DisplayHome
 .text.command  0x00015c9c       0x1c ./source/UI/display.o
                0x00015c9c                command
 .text.DelayInit
                0x00015cb8       0x20 ./source/UI/display.o
                0x00015cb8                DelayInit
 .text.eqStringPrinter
                0x00015cd8       0x40 ./source/UI/privateSTDIO.o
                0x00015cd8                eqStringPrinter
 .text.bufferClean
                0x00015d18       0x34 ./source/UI/privateSTDIO.o
                0x00015d18                bufferClean
 .text.FTM_SetPrescaler
                0x00015d4c       0x2c ./source/FTM.o
                0x00015d4c                FTM_SetPrescaler
 .text.FTM_SetModulus
                0x00015d78       0x2a ./source/FTM.o
                0x00015d78                FTM_SetModulus
 .text.FTM_StartClock
                0x00015da2       0x20 ./source/FTM.o
                0x00015da2                FTM_StartClock
 .text.FTM_StopClock
                0x00015dc2       0x26 ./source/FTM.o
                0x00015dc2                FTM_StopClock
 .text.FTM_ClearOverflowFlag
                0x00015de8       0x20 ./source/FTM.o
                0x00015de8                FTM_ClearOverflowFlag
 .text.FTM_SetWorkingMode
                0x00015e08       0x66 ./source/FTM.o
                0x00015e08                FTM_SetWorkingMode
 .text.FTM_SetPulseWidthModulationLogic
                0x00015e6e       0x4e ./source/FTM.o
                0x00015e6e                FTM_SetPulseWidthModulationLogic
 .text.FTM_SetCounter
                0x00015ebc       0x28 ./source/FTM.o
                0x00015ebc                FTM_SetCounter
 .text.FTM_GetCounter
                0x00015ee4       0x24 ./source/FTM.o
                0x00015ee4                FTM_GetCounter
 .text.FTM_SetInterruptMode
                0x00015f08       0x40 ./source/FTM.o
                0x00015f08                FTM_SetInterruptMode
 .text.FTM_ClearInterruptFlag
                0x00015f48       0x32 ./source/FTM.o
                0x00015f48                FTM_ClearInterruptFlag
 .text.FTM_DmaMode
                0x00015f7a       0x3a ./source/FTM.o
                0x00015f7a                FTM_DmaMode
 .text.refresh  0x00015fb4        0xc ./source/LEDMatrix.o
 .text.getNext  0x00015fc0       0x84 ./source/Queue.o
                0x00015fc0                getNext
 .text.put      0x00016044       0xa6 ./source/Queue.o
                0x00016044                put
 .text.putArray
                0x000160ea       0x5a ./source/Queue.o
                0x000160ea                putArray
 .text.getFillLevel
                0x00016144       0x36 ./source/Queue.o
                0x00016144                getFillLevel
 .text.solveLinear
                0x0001617a       0x82 ./source/biquad.o
 .text.SMC_SetPowerModeProtection
                0x000161fc       0x1e ./source/deepSleep.o
 .text.dummyCB  0x0001621a        0xe ./source/deepSleep.o
                0x0001621a                dummyCB
 .text.initEqualizer
                0x00016228        0xc ./source/equalizer.o
                0x00016228                initEqualizer
 .text.processEqualizer
                0x00016234       0x1e ./source/equalizer.o
                0x00016234                processEqualizer
 .text.fsm      0x00016252       0x3c ./source/fsm.o
                0x00016252                fsm
 .text.do_nothing
                0x0001628e        0xe ./source/fsmtable.o
 .text.changeSongLeft
                0x0001629c       0x32 ./source/fsmtable.o
 .text.changeSongRight
                0x000162ce       0x32 ./source/fsmtable.o
 .text.autoPlayNextSong
                0x00016300       0x2e ./source/fsmtable.o
 .text.gpioMode
                0x0001632e      0x1d2 ./source/gpio.o
                0x0001632e                gpioMode
 .text.gpioRead
                0x00016500       0x48 ./source/gpio.o
                0x00016500                gpioRead
 .text.gpioWrite
                0x00016548       0x46 ./source/gpio.o
                0x00016548                gpioWrite
 .text.main     0x0001658e       0x12 ./source/main.o
                0x0001658e                main
 .text.PIT_StartTimer
                0x000165a0       0x38 ./source/player.o
 .text.PIT_StopTimer
                0x000165d8       0x38 ./source/player.o
 .text.GPIO_PinWrite
                0x00016610       0x36 ./source/player.o
 .text.PORT_SetPinMux
                0x00016646       0x3a ./source/player.o
 .text.SYSMPU_Enable
                0x00016680       0x38 ./source/player.o
 .text.doNothing
                0x000166b8        0xe ./source/player.o
                0x000166b8                doNothing
 .text.newSong  0x000166c6       0x60 ./source/song.o
                0x000166c6                newSong
 .text.turnOffVumeter
                0x00016726       0x42 ./source/vumeter.o
                0x00016726                turnOffVumeter
 .text.adjustBrightness
                0x00016768       0x1a ./source/vumeter.o
                0x00016768                adjustBrightness
 .text.SDHC_GetPresentStatusFlags
                0x00016782       0x18 ./sdmmc/src/fsl_sd.o
 .text.SDMMCHOST_SendCardActive
                0x0001679a       0x1c ./sdmmc/src/fsl_sd.o
 .text.SDMMCHOST_SetCardClock
                0x000167b6       0x24 ./sdmmc/src/fsl_sd.o
 .text.SDMMCHOST_IsCardBusy
                0x000167da       0x2c ./sdmmc/src/fsl_sd.o
 .text.SDMMCHOST_SetCardPower
                0x00016806       0x18 ./sdmmc/src/fsl_sd.o
 .text.SDMMCHOST_SwitchToVoltage
                0x0001681e       0x16 ./sdmmc/src/fsl_sd.o
 .text.SDMMCHOST_ExecuteTuning
                0x00016834       0x1c ./sdmmc/src/fsl_sd.o
 .text.SDMMCHOST_EnableDDRMode
                0x00016850       0x1a ./sdmmc/src/fsl_sd.o
 .text.SDMMCHOST_GetSignalLineStatus
                0x0001686a       0x18 ./sdmmc/src/fsl_sd.o
 .text.SDMMCHOST_ForceClockOn
                0x00016882       0x18 ./sdmmc/src/fsl_sd.o
 .text.SD_SwitchIOVoltage
                0x0001689a       0x68 ./sdmmc/src/fsl_sd.o
 .text.SD_Deinit
                0x00016902       0x1c ./sdmmc/src/fsl_sd.o
                0x00016902                SD_Deinit
 .text.SD_HostDoReset
                0x0001691e       0x1a ./sdmmc/src/fsl_sd.o
                0x0001691e                SD_HostDoReset
 .text.SDMMC_GoIdle
                0x00016938       0x56 ./sdmmc/src/fsl_sdmmc_common.o
                0x00016938                SDMMC_GoIdle
 .text.SDHC_EnableInterruptStatus
                0x0001698e       0x22 ./sdmmc/host/fsl_sdmmc_host.o
 .text.SDHC_EnableInterruptSignal
                0x000169b0       0x22 ./sdmmc/host/fsl_sdmmc_host.o
 .text.SDHC_DisableInterruptSignal
                0x000169d2       0x24 ./sdmmc/host/fsl_sdmmc_host.o
 .text.SDHC_ClearInterruptStatusFlags
                0x000169f6       0x1c ./sdmmc/host/fsl_sdmmc_host.o
 .text.SDHC_GetPresentStatusFlags
                0x00016a12       0x18 ./sdmmc/host/fsl_sdmmc_host.o
 .text.SDHC_SetDataBusWidth
                0x00016a2a       0x2e ./sdmmc/host/fsl_sdmmc_host.o
 .text.SDHC_CardDetectByData3
                0x00016a58       0x38 ./sdmmc/host/fsl_sdmmc_host.o
 .text.SDMMCHOST_DetectCardInsertByHost
                0x00016a90       0x72 ./sdmmc/host/fsl_sdmmc_host.o
 .text.SDMMCHOST_DetectCardRemoveByHost
                0x00016b02       0x72 ./sdmmc/host/fsl_sdmmc_host.o
 .text.SDMMCHOST_CardDetectInit
                0x00016b74       0x96 ./sdmmc/host/fsl_sdmmc_host.o
                0x00016b74                SDMMCHOST_CardDetectInit
 .text.SDMMCHOST_CardDetectStatus
                0x00016c0a       0x72 ./sdmmc/host/fsl_sdmmc_host.o
                0x00016c0a                SDMMCHOST_CardDetectStatus
 .text.SDMMCHOST_TransferCompleteCallback
                0x00016c7c       0x5a ./sdmmc/host/fsl_sdmmc_host.o
 .text.SDMMCHOST_TransferFunction
                0x00016cd6       0xec ./sdmmc/host/fsl_sdmmc_host.o
                0x00016cd6                SDMMCHOST_TransferFunction
 .text.SDMMCHOST_ErrorRecovery
                0x00016dc2       0x48 ./sdmmc/host/fsl_sdmmc_host.o
 .text.SDMMCHOST_ConvertDataToLittleEndian
                0x00016e0a       0xe2 ./sdmmc/host/fsl_sdmmc_host.o
                0x00016e0a                SDMMCHOST_ConvertDataToLittleEndian
 .text.SDMMCHOST_Reset
                0x00016eec       0x14 ./sdmmc/host/fsl_sdmmc_host.o
                0x00016eec                SDMMCHOST_Reset
 .text.SDMMCHOST_SetCardBusWidth
                0x00016f00       0x34 ./sdmmc/host/fsl_sdmmc_host.o
                0x00016f00                SDMMCHOST_SetCardBusWidth
 .text.SDMMCHOST_Deinit
                0x00016f34       0x40 ./sdmmc/host/fsl_sdmmc_host.o
                0x00016f34                SDMMCHOST_Deinit
 .text.sd_disk_status
                0x00016f74       0x22 ./fatfs/source/fsl_sd_disk/fsl_sd_disk.o
                0x00016f74                sd_disk_status
 .text.disk_status
                0x00016f96       0x2c ./fatfs/source/diskio.o
                0x00016f96                disk_status
 .text.disk_initialize
                0x00016fc2       0x2c ./fatfs/source/diskio.o
                0x00016fc2                disk_initialize
 .text.disk_read
                0x00016fee       0x36 ./fatfs/source/diskio.o
                0x00016fee                disk_read
 .text.ld_word  0x00017024       0x30 ./fatfs/source/ff.o
 .text.ld_dword
                0x00017054       0x46 ./fatfs/source/ff.o
 .text.dbc_1st  0x0001709a       0x22 ./fatfs/source/ff.o
 .text.dbc_2nd  0x000170bc       0x22 ./fatfs/source/ff.o
 .text.tchar2uni
                0x000170de       0x8a ./fatfs/source/ff.o
 .text.put_utf  0x00017168       0x70 ./fatfs/source/ff.o
 .text.move_window
                0x000171d8       0x50 ./fatfs/source/ff.o
 .text.clst2sect
                0x00017228       0x3e ./fatfs/source/ff.o
 .text.get_fat  0x00017266      0x14a ./fatfs/source/ff.o
 .text.clmt_clust
                0x000173b0       0x68 ./fatfs/source/ff.o
 .text.dir_sdi  0x00017418       0xf6 ./fatfs/source/ff.o
 .text.dir_next
                0x0001750e       0xf0 ./fatfs/source/ff.o
 .text.ld_clust
                0x000175fe       0x3e ./fatfs/source/ff.o
 .text.sum_sfn  0x0001763c       0x42 ./fatfs/source/ff.o
 .text.dir_read
                0x0001767e      0x14e ./fatfs/source/ff.o
 .text.dir_find
                0x000177cc      0x180 ./fatfs/source/ff.o
 .text.get_fileinfo
                0x0001794c      0x234 ./fatfs/source/ff.o
 .text.follow_path
                0x00017b80      0x11c ./fatfs/source/ff.o
 .text.find_volume
                0x00017c9c       0xc4 ./fatfs/source/ff.o
 .text.validate
                0x00017d60       0x6a ./fatfs/source/ff.o
 .text.f_open   0x00017dca       0xf0 ./fatfs/source/ff.o
                0x00017dca                f_open
 .text.f_read   0x00017eba      0x20e ./fatfs/source/ff.o
                0x00017eba                f_read
 .text.f_close  0x000180c8       0x30 ./fatfs/source/ff.o
                0x000180c8                f_close
 .text.f_lseek  0x000180f8      0x30c ./fatfs/source/ff.o
                0x000180f8                f_lseek
 .text.f_opendir
                0x00018404       0xb2 ./fatfs/source/ff.o
                0x00018404                f_opendir
 .text.f_closedir
                0x000184b6       0x30 ./fatfs/source/ff.o
                0x000184b6                f_closedir
 .text.f_readdir
                0x000184e6       0x7a ./fatfs/source/ff.o
                0x000184e6                f_readdir
 .text.OSC_SetExtRefClkConfig
                0x00018560       0x34 ./drivers/fsl_clock.o
 .text.OSC_SetCapLoad
                0x00018594       0x34 ./drivers/fsl_clock.o
 .text.CLOCK_GetPll0RefFreq
                0x000185c8        0xe ./drivers/fsl_clock.o
 .text.CLOCK_GetFixedFreqClkFreq
                0x000185d6       0x34 ./drivers/fsl_clock.o
                0x000185d6                CLOCK_GetFixedFreqClkFreq
 .text.DelayLoop
                0x0001860a       0x20 ./drivers/fsl_common_arm.o
 .text.CLOCK_EnableClock
                0x0001862a       0x34 ./drivers/fsl_dac.o
 .text.CLOCK_EnableClock
                0x0001865e       0x34 ./drivers/fsl_dmamux.o
 .text.DSPI_IsMaster
                0x00018692       0x26 ./drivers/fsl_dspi.o
 .text.CLOCK_EnableClock
                0x000186b8       0x34 ./drivers/fsl_edma.o
 .text.EnableIRQ
                0x000186ec       0x32 ./drivers/fsl_edma.o
 .text.DisableGlobalIRQ
                0x0001871e       0x20 ./drivers/fsl_edma.o
 .text.EnableGlobalIRQ
                0x0001873e       0x1e ./drivers/fsl_edma.o
 .text.EDMA_AbortTransfer
                0x0001875c       0x96 ./drivers/fsl_edma.o
                0x0001875c                EDMA_AbortTransfer
 .text.GPIO_PinWrite
                0x000187f2       0x36 ./drivers/fsl_gpio.o
 .text.CLOCK_EnableClock
                0x00018828       0x34 ./drivers/fsl_i2c.o
 .text.I2C_MasterClearStatusFlags
                0x0001885c       0x5a ./drivers/fsl_i2c.o
 .text.I2C_EnableInterrupts
                0x000188b6       0x56 ./drivers/fsl_i2c.o
                0x000188b6                I2C_EnableInterrupts
 .text.LLWU_ClearExternalWakeupPinFlag
                0x0001890c       0x52 ./drivers/fsl_llwu.o
                0x0001890c                LLWU_ClearExternalWakeupPinFlag
 .text.LLWU_SetPinFilterMode
                0x0001895e       0x78 ./drivers/fsl_llwu.o
                0x0001895e                LLWU_SetPinFilterMode
 .text.LLWU_SetResetPinMode
                0x000189d6       0x4c ./drivers/fsl_llwu.o
                0x000189d6                LLWU_SetResetPinMode
 .text.CLOCK_EnableClock
                0x00018a22       0x34 ./drivers/fsl_pit.o
 .text.CLOCK_EnableClock
                0x00018a56       0x34 ./drivers/fsl_sdhc.o
 .text.CLOCK_DisableClock
                0x00018a8a       0x38 ./drivers/fsl_sdhc.o
 .text.EnableIRQ
                0x00018ac2       0x32 ./drivers/fsl_sdhc.o
 .text.SDHC_EnableInterruptSignal
                0x00018af4       0x22 ./drivers/fsl_sdhc.o
 .text.SDHC_DisableInterruptSignal
                0x00018b16       0x24 ./drivers/fsl_sdhc.o
 .text.SDHC_GetEnabledInterruptStatusFlags
                0x00018b3a       0x22 ./drivers/fsl_sdhc.o
 .text.SDHC_ClearInterruptStatusFlags
                0x00018b5c       0x1c ./drivers/fsl_sdhc.o
 .text.SDHC_GetPresentStatusFlags
                0x00018b78       0x18 ./drivers/fsl_sdhc.o
 .text.SDHC_WriteData
                0x00018b90       0x1c ./drivers/fsl_sdhc.o
 .text.SDHC_ReadData
                0x00018bac       0x18 ./drivers/fsl_sdhc.o
 .text.SDHC_StartTransfer
                0x00018bc4      0x158 ./drivers/fsl_sdhc.o
 .text.SDHC_ReadDataPort
                0x00018d1c       0xa4 ./drivers/fsl_sdhc.o
 .text.SDHC_WriteDataPort
                0x00018dc0       0xa6 ./drivers/fsl_sdhc.o
 .text.SDHC_TransferHandleCardDetect
                0x00018e66       0x4c ./drivers/fsl_sdhc.o
 .text.SDHC_TransferHandleSdioInterrupt
                0x00018eb2       0x28 ./drivers/fsl_sdhc.o
 .text.SDHC_TransferHandleSdioBlockGap
                0x00018eda       0x28 ./drivers/fsl_sdhc.o
 .text.SDHC_Reset
                0x00018f02       0x52 ./drivers/fsl_sdhc.o
                0x00018f02                SDHC_Reset
 .text.SDHC_SetCardActive
                0x00018f54       0x4c ./drivers/fsl_sdhc.o
                0x00018f54                SDHC_SetCardActive
 .text.EnableGlobalIRQ
                0x00018fa0       0x1e ./drivers/fsl_smc.o
 .text.CLOCK_EnableClock
                0x00018fbe       0x34 ./drivers/fsl_uart.o
 .text.UART_GetStatusFlags
                0x00018ff2       0x48 ./drivers/fsl_uart.o
                0x00018ff2                UART_GetStatusFlags
 .text.UART_ClearStatusFlags
                0x0001903a       0x80 ./drivers/fsl_uart.o
                0x0001903a                UART_ClearStatusFlags
 .text.UART_WriteByte
                0x000190ba       0x1e ./component/uart/fsl_adapter_uart.o
 .text.UART_ReadByte
                0x000190d8       0x1a ./component/uart/fsl_adapter_uart.o
 .text.UART0_IRQHandler
                0x000190f2       0x12 ./component/uart/fsl_adapter_uart.o
                0x000190f2                UART0_IRQHandler
 .text.UART0_RX_TX_IRQHandler
                0x00019104       0x10 ./component/uart/fsl_adapter_uart.o
                0x00019104                UART0_RX_TX_IRQHandler
 .text.UART1_IRQHandler
                0x00019114       0x12 ./component/uart/fsl_adapter_uart.o
                0x00019114                UART1_IRQHandler
 .text.UART1_RX_TX_IRQHandler
                0x00019126       0x10 ./component/uart/fsl_adapter_uart.o
                0x00019126                UART1_RX_TX_IRQHandler
 .text.UART2_IRQHandler
                0x00019136       0x12 ./component/uart/fsl_adapter_uart.o
                0x00019136                UART2_IRQHandler
 .text.UART2_RX_TX_IRQHandler
                0x00019148       0x10 ./component/uart/fsl_adapter_uart.o
                0x00019148                UART2_RX_TX_IRQHandler
 .text.UART3_IRQHandler
                0x00019158       0x12 ./component/uart/fsl_adapter_uart.o
                0x00019158                UART3_IRQHandler
 .text.UART3_RX_TX_IRQHandler
                0x0001916a       0x10 ./component/uart/fsl_adapter_uart.o
                0x0001916a                UART3_RX_TX_IRQHandler
 .text.UART4_IRQHandler
                0x0001917a       0x12 ./component/uart/fsl_adapter_uart.o
                0x0001917a                UART4_IRQHandler
 .text.UART4_RX_TX_IRQHandler
                0x0001918c       0x10 ./component/uart/fsl_adapter_uart.o
                0x0001918c                UART4_RX_TX_IRQHandler
 .text.UART5_IRQHandler
                0x0001919c       0x12 ./component/uart/fsl_adapter_uart.o
                0x0001919c                UART5_IRQHandler
 .text.UART5_RX_TX_IRQHandler
                0x000191ae       0x10 ./component/uart/fsl_adapter_uart.o
                0x000191ae                UART5_RX_TX_IRQHandler
 .text.DisableGlobalIRQ
                0x000191be       0x20 ./component/osa/fsl_os_abstraction_bm.o
 .text.EnableGlobalIRQ
                0x000191de       0x1e ./component/osa/fsl_os_abstraction_bm.o
 .text.OSA_EnterCritical
                0x000191fc       0x1a ./component/osa/fsl_os_abstraction_bm.o
                0x000191fc                OSA_EnterCritical
 .text.OSA_ExitCritical
                0x00019216       0x16 ./component/osa/fsl_os_abstraction_bm.o
                0x00019216                OSA_ExitCritical
 .text.OSA_MutexLock
                0x0001922c       0x52 ./component/osa/fsl_os_abstraction_bm.o
                0x0001922c                OSA_MutexLock
 .text.DbgConsole_Init
                0x0001927e       0x20 ./board/board.o
 .text.BOARD_InitDebugConsole
                0x0001929e       0x22 ./board/board.o
                0x0001929e                BOARD_InitDebugConsole
 .text.EnableIRQ
                0x000192c0       0x32 ./board/peripherals.o
 .text.EDMA_EnableMinorLoopMapping
                0x000192f2       0x38 ./board/peripherals.o
 .text.DAC_Enable
                0x0001932a       0x48 ./board/peripherals.o
 .text.CLOCK_EnableClock
                0x00019372       0x34 ./board/pin_mux.o
 .text.PORT_SetPinMux
                0x000193a6       0x3a ./board/pin_mux.o
 .text.EnableIRQ
                0x000193e0       0x32 ./board/sdmmc_config.o
 .text.GPIO_PinRead
                0x00019412       0x24 ./board/sdmmc_config.o
 .text.PORT_SetPinInterruptConfig
                0x00019436       0x3a ./board/sdmmc_config.o
 .text.PORT_GetPinsInterruptFlags
                0x00019470       0x1a ./board/sdmmc_config.o
 .text.PORT_ClearPinsInterruptFlags
                0x0001948a       0x1e ./board/sdmmc_config.o
 .text.HardFault_Handler
                0x000194a8       0x2c ./SDK/startup/semihost_hardfault.o
                0x000194a8                HardFault_Handler
 .text.DMA0_IRQHandler
                0x000194d4        0x8 ./SDK/startup/startup_mk64f12.o
                0x000194d4                DMA0_IRQHandler
 .text.DMA1_IRQHandler
                0x000194dc        0x8 ./SDK/startup/startup_mk64f12.o
                0x000194dc                DMA1_IRQHandler
 .text.DMA2_IRQHandler
                0x000194e4        0x8 ./SDK/startup/startup_mk64f12.o
                0x000194e4                DMA2_IRQHandler
 .text.DMA3_IRQHandler
                0x000194ec        0x8 ./SDK/startup/startup_mk64f12.o
                0x000194ec                DMA3_IRQHandler
 .text.DMA4_IRQHandler
                0x000194f4        0x8 ./SDK/startup/startup_mk64f12.o
                0x000194f4                DMA4_IRQHandler
 .text.DMA5_IRQHandler
                0x000194fc        0x8 ./SDK/startup/startup_mk64f12.o
                0x000194fc                DMA5_IRQHandler
 .text.DMA6_IRQHandler
                0x00019504        0x8 ./SDK/startup/startup_mk64f12.o
                0x00019504                DMA6_IRQHandler
 .text.DMA7_IRQHandler
                0x0001950c        0x8 ./SDK/startup/startup_mk64f12.o
                0x0001950c                DMA7_IRQHandler
 .text.DMA8_IRQHandler
                0x00019514        0x8 ./SDK/startup/startup_mk64f12.o
                0x00019514                DMA8_IRQHandler
 .text.DMA9_IRQHandler
                0x0001951c        0x8 ./SDK/startup/startup_mk64f12.o
                0x0001951c                DMA9_IRQHandler
 .text.DMA10_IRQHandler
                0x00019524        0x8 ./SDK/startup/startup_mk64f12.o
                0x00019524                DMA10_IRQHandler
 .text.DMA11_IRQHandler
                0x0001952c        0x8 ./SDK/startup/startup_mk64f12.o
                0x0001952c                DMA11_IRQHandler
 .text.DMA12_IRQHandler
                0x00019534        0x8 ./SDK/startup/startup_mk64f12.o
                0x00019534                DMA12_IRQHandler
 .text.DMA13_IRQHandler
                0x0001953c        0x8 ./SDK/startup/startup_mk64f12.o
                0x0001953c                DMA13_IRQHandler
 .text.DMA14_IRQHandler
                0x00019544        0x8 ./SDK/startup/startup_mk64f12.o
                0x00019544                DMA14_IRQHandler
 .text.DMA15_IRQHandler
                0x0001954c        0x8 ./SDK/startup/startup_mk64f12.o
                0x0001954c                DMA15_IRQHandler
 .text.DMA_Error_IRQHandler
                0x00019554        0x8 ./SDK/startup/startup_mk64f12.o
                0x00019554                DMA_Error_IRQHandler
 .text.MCM_IRQHandler
                0x0001955c        0x8 ./SDK/startup/startup_mk64f12.o
                0x0001955c                MCM_IRQHandler
 .text.FTFE_IRQHandler
                0x00019564        0x8 ./SDK/startup/startup_mk64f12.o
                0x00019564                FTFE_IRQHandler
 .text.Read_Collision_IRQHandler
                0x0001956c        0x8 ./SDK/startup/startup_mk64f12.o
                0x0001956c                Read_Collision_IRQHandler
 .text.LVD_LVW_IRQHandler
                0x00019574        0x8 ./SDK/startup/startup_mk64f12.o
                0x00019574                LVD_LVW_IRQHandler
 .text.WDOG_EWM_IRQHandler
                0x0001957c        0x8 ./SDK/startup/startup_mk64f12.o
                0x0001957c                WDOG_EWM_IRQHandler
 .text.RNG_IRQHandler
                0x00019584        0x8 ./SDK/startup/startup_mk64f12.o
                0x00019584                RNG_IRQHandler
 .text.SPI0_IRQHandler
                0x0001958c        0x8 ./SDK/startup/startup_mk64f12.o
                0x0001958c                SPI0_IRQHandler
 .text.SPI1_IRQHandler
                0x00019594        0x8 ./SDK/startup/startup_mk64f12.o
                0x00019594                SPI1_IRQHandler
 .text.I2S0_Tx_IRQHandler
                0x0001959c        0x8 ./SDK/startup/startup_mk64f12.o
                0x0001959c                I2S0_Tx_IRQHandler
 .text.I2S0_Rx_IRQHandler
                0x000195a4        0x8 ./SDK/startup/startup_mk64f12.o
                0x000195a4                I2S0_Rx_IRQHandler
 .text.UART0_LON_IRQHandler
                0x000195ac        0x8 ./SDK/startup/startup_mk64f12.o